Command: /Users/asbri/.espressif/python_env/idf6.0_py3.13_env/bin/python /Users/asbri/esp-idf/tools/idf_monitor.py -p /dev/cu.SLAB_USBtoUART -b 115200 --toolchain-prefix xtensa-esp32-elf- --target esp32 --revision 0 /Users/asbri/esp-idf/my_webserver/build/my_webserver.elf /Users/asbri/esp-idf/my_webserver/build/bootloader/bootloader.elf -m '/Users/asbri/.espressif/python_env/idf6.0_py3.13_env/bin/python' '/Users/asbri/esp-idf/tools/idf.py' '-p' '/dev/cu.SLAB_USBtoUART'
tail 12 room 4
load:0x40078000,len:15904
load:0x40080400,len:3860
eA%]AÔøΩ0xee
clk_drv:0x00,q_drv:0x00,d_drv:0x00,cs0_drv:0x00,hd_drv:0x00,wp_drv:0x00
mode:DIO, clock div:2
load:0x3fff0030,len:6380
ho 0 tail 12 room 4
load:0x40078000,len:15904
load:0x40080400,len:3860
ets Jul 29 2019 12:21:46

rst:0x1 (POWERON_RESET),boot:0x13 (SPI_FAST_FLASH_BOOT)
configsip: 0, SPIWP:0xee
clk_drv:0x00,q_drv:0x00,d_drv:0x00,cs0_drv:0x00,hd_drv:0x00,wp_drv:0x00
mode:DIO, clock div:2
load:0x3fff0030,len:6380
ho 0 tail 12 room 4
load:0x40078000,len:15904
load:0x40080400,len:3860
entry 0x40080638
[0;32mI (29) boot: ESP-IDF 35ea2ee0-dirty 2nd stage bootloader[0m
[0;32mI (29) boot: compile time May 30 2025 16:33:35[0m
[0;32mI (29) boot: Multicore bootloader[0m
[0;32mI (31) boot: chip revision: v3.0[0m
[0;32mI (34) boot.esp32: SPI Speed      : 40MHz[0m
[0;32mI (38) boot.esp32: SPI Mode       : DIO[0m
[0;32mI (41) boot.esp32: SPI Flash Size : 2MB[0m
[0;32mI (45) boot: Enabling RNG early entropy source...[0m
[0;32mI (49) boot: Partition Table:[0m
[0;32mI (52) boot: ## Label            Usage          Type ST Offset   Length[0m
[0;32mI (58) boot:  0 nvs              WiFi data        01 02 00009000 00006000[0m
[0;32mI (65) boot:  1 phy_init         RF data          01 01 0000f000 00001000[0m
[0;32mI (71) boot:  2 factory          factory app      00 00 00010000 00100000[0m
[0;32mI (78) boot:  3 spiffs           Unknown data     01 82 00110000 000f0000[0m
[0;32mI (84) boot: End of partition table[0m
[0;32mI (88) esp_image: segment 0: paddr=00010020 vaddr=3f400020 size=20364h (131940) map[0m
[0;32mI (140) esp_image: segment 1: paddr=0003038c vaddr=3ff80000 size=00020h (    32) load[0m
[0;32mI (141) esp_image: segment 2: paddr=000303b4 vaddr=3ffb0000 size=03e80h ( 16000) load[0m
[0;32mI (150) esp_image: segment 3: paddr=0003423c vaddr=40080000 size=0bddch ( 48604) load[0m
[0;32mI (171) esp_image: segment 4: paddr=00040020 vaddr=400d0020 size=acdb0h (708016) map[0m
[0;32mI (413) esp_image: segment 5: paddr=000ecdd8 vaddr=4008bddc size=0bf44h ( 48964) load[0m
[0;32mI (444) boot: Loaded app from partition at offset 0x10000[0m
[0;32mI (444) boot: Disabling RNG early entropy source...[0m
[0;32mI (454) cpu_start: Multicore app[0m
[0;32mI (463) cpu_start: Pro cpu start user code[0m
[0;32mI (463) cpu_start: cpu freq: 160000000 Hz[0m
[0;32mI (463) app_init: Application information:[0m
[0;32mI (463) app_init: Project name:     my_webserver[0m
[0;32mI (467) app_init: App version:      35ea2ee0-dirty[0m
[0;32mI (472) app_init: Compile time:     May 30 2025 16:33:30[0m
[0;32mI (477) app_init: ELF file SHA256:  2bfa91319...[0m
[0;32mI (481) app_init: ESP-IDF:          35ea2ee0-dirty[0m
[0;32mI (485) efuse_init: Min chip rev:     v0.0[0m
[0;32mI (489) efuse_init: Max chip rev:     v3.99 [0m
[0;32mI (493) efuse_init: Chip rev:         v3.0[0m
[0;32mI (497) heap_init: Initializing. RAM available for dynamic allocation:[0m
[0;32mI (504) heap_init: At 3FFAE6E0 len 00001920 (6 KiB): DRAM[0m
[0;32mI (508) heap_init: At 3FFB85B0 len 00027A50 (158 KiB): DRAM[0m
[0;32mI (514) heap_init: At 3FFE0440 len 00003AE0 (14 KiB): D/IRAM[0m
[0;32mI (519) heap_init: At 3FFE4350 len 0001BCB0 (111 KiB): D/IRAM[0m
[0;32mI (525) heap_init: At 40097D20 len 000082E0 (32 KiB): IRAM[0m
[0;32mI (531) spi_flash: detected chip: generic[0m
[0;32mI (534) spi_flash: flash io: dio[0m
[0;33mW (537) spi_flash: Detected size(4096k) larger than the size in the binary image header(2048k). Using the size in the binary image header.[0m
[0;32mI (550) main_task: Started on CPU0[0m
[0;32mI (560) main_task: Calling app_main()[0m
[0;32mI (590) webserver: üìÇ Montare SPIFFS...[0m
[0;32mI (660) webserver: ‚úÖ SPIFFS montat[0m
[0;32mI (660) webserver: üì¶ Citire NVS: ssid='Home_2.4G' (ESP_OK), pass='EC6E028072' (ESP_OK)[0m
[0;32mI (670) wifi:wifi driver task: 3ffc10c4, prio:23, stack:6656, core=0[0m
[0;32mI (680) wifi:wifi firmware version: cdb304370[0m
[0;32mI (680) wifi:wifi certification version: v7.0[0m
[0;32mI (690) wifi:config NVS flash: enabled[0m
[0;32mI (690) wifi:config nano formatting: disabled[0m
[0;32mI (690) wifi:Init data frame dynamic rx buffer num: 32[0m
[0;32mI (690) wifi:Init static rx mgmt buffer num: 5[0m
[0;32mI (700) wifi:Init management short buffer num: 32[0m
[0;32mI (700) wifi:Init dynamic tx buffer num: 32[0m
[0;32mI (710) wifi:Init static rx buffer size: 1600[0m
[0;32mI (710) wifi:Init static rx buffer num: 10[0m
[0;32mI (710) wifi:Init dynamic rx buffer num: 32[0m
[0;32mI (720) wifi_init: rx ba win: 6[0m
[0;32mI (720) wifi_init: accept mbox: 6[0m
[0;32mI (720) wifi_init: tcpip mbox: 32[0m
[0;32mI (730) wifi_init: udp mbox: 6[0m
[0;32mI (730) wifi_init: tcp mbox: 6[0m
[0;32mI (730) wifi_init: tcp tx win: 5760[0m
[0;32mI (740) wifi_init: tcp rx win: 5760[0m
[0;32mI (740) wifi_init: tcp mss: 1440[0m
[0;32mI (740) wifi_init: WiFi IRAM OP enabled[0m
[0;32mI (750) wifi_init: WiFi RX IRAM OP enabled[0m
[0;33mW (750) wifi:Password length matches WPA2 standards, authmode threshold changes from OPEN to WPA2[0m
[0;32mI (760) phy_init: phy_version 4860,6b7a6e5,Feb  6 2025,14:47:07[0m
[0;32mI (840) wifi:mode : sta (cc:db:a7:68:6f:f0)[0m
[0;32mI (840) wifi:enable tsf[0m
[0;32mI (850) webserver: üì∂ STA conectare la SSID: 'Home_2.4G'[0m
[0;32mI (860) wifi:new:<6,1>, old:<1,0>, ap:<255,255>, sta:<6,1>, prof:1, snd_ch_cfg:0x0[0m
[0;32mI (870) wifi:state: init -> auth (0xb0)[0m
[0;32mI (1870) wifi:state: auth -> init (0x200)[0m
[0;32mI (1880) wifi:new:<6,0>, old:<6,1>, ap:<255,255>, sta:<6,1>, prof:1, snd_ch_cfg:0x0[0m
[0;33mW (1880) webserver: ‚ö†Ô∏è WiFi deconectat, reconectƒÉm...[0m
[0;32mI (3850) webserver: üåê Web server pornit pe http://192.168.4.1[0m
[0;32mI (3850) main_task: Returned from app_main()[0m
[0;33mW (4300) webserver: ‚ö†Ô∏è WiFi deconectat, reconectƒÉm...[0m
[0;32mI (4310) wifi:new:<6,1>, old:<6,0>, ap:<255,255>, sta:<6,1>, prof:1, snd_ch_cfg:0x0[0m
[0;32mI (4310) wifi:state: init -> auth (0xb0)[0m
[0;32mI (4320) wifi:state: auth -> assoc (0x0)[0m
[0;32mI (4330) wifi:state: assoc -> run (0x10)[0m
[0;32mI (4360) wifi:connected with Home_2.4G, aid = 4, channel 6, 40U, bssid = f0:55:01:2d:13:a8[0m
[0;32mI (4360) wifi:security: WPA2-PSK, phy: bgn, rssi: -61[0m
[0;32mI (4370) wifi:pm start, type: 1[0m

[0;32mI (4370) wifi:dp: 1, bi: 102400, li: 3, scale listen interval from 307200 us to 307200 us[0m
[0;32mI (4430) wifi:AP's beacon interval = 102400 us, DTIM period = 1[0m
[0;32mI (5460) webserver: ‚úÖ Conectat, IP: 192.168.3.45[0m
[0;32mI (5460) esp_netif_handlers: sta ip: 192.168.3.45, mask: 255.255.255.0, gw: 192.168.3.1[0m
[0;32mI (8220) wifi:<ba-add>idx:0 (ifx:0, f0:55:01:2d:13:a8), tid:0, ssn:0, winSize:64[0m
[0;33mW (8500) httpd_uri: httpd_uri: URI '/find_hubs.html' not found[0m
[0;33mW (8500) httpd_txrx: httpd_resp_send_err: 404 Not Found - Nothing matches the given URI[0m
[0;32mI (17160) webserver: üì• SalvƒÉm: ssid='Home_2.4G', pass='EC6E028072'[0m
[0;32mI (17170) webserver: ‚ôªÔ∏è Config salvat, restart √Æn 1s...[0m
[0;32mI (18170) wifi:state: run -> init (0x0)[0m
[0;32mI (18180) wifi:pm stop, total sleep time: 10838120 us / 13807355 us[0m

[0;32mI (18180) wifi:<ba-del>idx:0, tid:0[0m
[0;32mI (18180) wifi:new:<6,0>, old:<6,1>, ap:<255,255>, sta:<6,1>, prof:1, snd_ch_cfg:0x0[0m
[0;33mW (18190) webserver: ‚ö†Ô∏è WiFi deconectat, reconectƒÉm...[0m
[0;32mI (18260) wifi:flush txq[0m
[0;32mI (18260)