Command: /Users/asbri/.espressif/python_env/idf6.0_py3.13_env/bin/python /Users/asbri/esp-idf/tools/idf_monitor.py -p /dev/tty.SLAB_USBtoUART -b 115200 --toolchain-prefix xtensa-esp32-elf- --target esp32 --revision 0 /Users/asbri/esp-idf/examples/get-started/hello_world/build/hello_world.elf /Users/asbri/esp-idf/examples/get-started/hello_world/build/bootloader/bootloader.elf -m '/Users/asbri/.espressif/python_env/idf6.0_py3.13_env/bin/python' '/Users/asbri/esp-idf/tools/idf.py' '-p' '/dev/tty.SLAB_USBtoUART'
tail 12 room 4
load:0x40078000,len:15904
load:0x40080400,len:3860
eï¿½]Aï¿½0xee
clk_drv:0x00,q_drv:0x00,d_drv:0x00,cs0_drv:0x00,hd_drv:0x00,wp_drv:0x00
mode:DIO, clock div:2
load:0x3fff0030,len:6380
ho 0 tail 12 room 4
load:0x40078000,len:15904
load:0x40080400,len:3860
ï¿½ets Jul 29 2019 12:21:46

rst:0x1 (POWERON_RESET),boot:0x13 (SPI_FAST_FLASH_BOOT)
configsip: 0, SPIWP:0xee
clk_drv:0x00,q_drv:0x00,d_drv:0x00,cs0_drv:0x00,hd_drv:0x00,wp_drv:0x00
mode:DIO, clock div:2
load:0x3fff0030,len:6380
ho 0 tail 12 room 4
load:0x40078000,len:15904
load:0x40080400,len:3860
entry 0x40080638
[0;32mI (29) boot: ESP-IDF v5.5-dev-3618-g7f6e7f4506 2nd stage bootloader[0m
[0;32mI (29) boot: compile time May 15 2025 22:15:59[0m
[0;32mI (29) boot: Multicore bootloader[0m
[0;32mI (32) boot: chip revision: v3.0[0m
[0;32mI (35) boot.esp32: SPI Speed      : 40MHz[0m
[0;32mI (39) boot.esp32: SPI Mode       : DIO[0m
[0;32mI (42) boot.esp32: SPI Flash Size : 2MB[0m
[0;32mI (46) boot: Enabling RNG early entropy source...[0m
[0;32mI (50) boot: Partition Table:[0m
[0;32mI (53) boot: ## Label            Usage          Type ST Offset   Length[0m
[0;32mI (59) boot:  0 nvs              WiFi data        01 02 00009000 00006000[0m
[0;32mI (66) boot:  1 phy_init         RF data          01 01 0000f000 00001000[0m
[0;32mI (72) boot:  2 factory          factory app      00 00 00010000 00100000[0m
[0;32mI (79) boot: End of partition table[0m
[0;32mI (82) esp_image: segment 0: paddr=00010020 vaddr=3f400020 size=07600h ( 30208) map[0m
[0;32mI (100) esp_image: segment 1: paddr=00017628 vaddr=3ff80000 size=00020h (    32) load[0m
[0;32mI (100) esp_image: segment 2: paddr=00017650 vaddr=3ffb0000 size=02174h (  8564) load[0m
[0;32mI (108) esp_image: segment 3: paddr=000197cc vaddr=40080000 size=0684ch ( 26700) load[0m
[0;32mI (123) esp_image: segment 4: paddr=00020020 vaddr=400d0020 size=0fbbch ( 64444) map[0m
[0;32mI (145) esp_image: segment 5: paddr=0002fbe4 vaddr=4008684c size=061b4h ( 25012) load[0m
[0;32mI (161) boot: Loaded app from partition at offset 0x10000[0m
[0;32mI (161) boot: Disabling RNG early entropy source...[0m
[0;32mI (172) cpu_start: Multicore app[0m
[0;32mI (180) cpu_start: Pro cpu start user code[0m
[0;32mI (180) cpu_start: cpu freq: 160000000 Hz[0m
[0;32mI (180) app_init: Application information:[0m
[0;32mI (180) app_init: Project name:     hello_world[0m
[0;32mI (184) app_init: App version:      v5.5-dev-3618-g7f6e7f4506[0m
[0;32mI (190) app_init: Compile time:     May 15 2025 22:15:54[0m
[0;32mI (195) app_init: ELF file SHA256:  93e0760a1...[0m
[0;32mI (199) app_init: ESP-IDF:          v5.5-dev-3618-g7f6e7f4506[0m
[0;32mI (205) efuse_init: Min chip rev:     v0.0[0m
[0;32mI (208) efuse_init: Max chip rev:     v3.99 [0m
[0;32mI (212) efuse_init: Chip rev:         v3.0[0m
[0;32mI (217) heap_init: Initializing. RAM available for dynamic allocation:[0m
[0;32mI (223) heap_init: At 3FFAE6E0 len 00001920 (6 KiB): DRAM[0m
[0;32mI (228) heap_init: At 3FFB29E0 len 0002D620 (181 KiB): DRAM[0m
[0;32mI (233) heap_init: At 3FFE0440 len 00003AE0 (14 KiB): D/IRAM[0m
[0;32mI (238) heap_init: At 3FFE4350 len 0001BCB0 (111 KiB): D/IRAM[0m
[0;32mI (244) heap_init: At 4008CA00 len 00013600 (77 KiB): IRAM[0m
[0;32mI (250) spi_flash: detected chip: generic[0m
[0;32mI (253) spi_flash: flash io: dio[0m
[0;33mW (256) spi_flash: Detected size(4096k) larger than the size in the binary image header(2048k). Using the size in the binary image header.[0m
[0;32mI (268) main_task: Started on CPU0[0m
[0;32mI (278) main_task: Calling app_main()[0m
Hello world!
This is esp32 chip with 2 CPU core(s), WiFi/BTBLE, silicon revision v3.0, 2MB external flash
Minimum free heap size: 306184 bytes
Restarting in 10 seconds...
Restarting in 9 seconds...
Restarting in 8 seconds...
Restarting in 7 seconds...
Restarting in 6 seconds...
Restarting in 5 seconds...
Restarting in 4 seconds...
Restarting in 3 seconds...
Restarting in 2 seconds...
Restarting in 1 seconds...
Restarting in 0 seconds...
Restarting now.
ets Jul 29 2019 12:21:46

rst:0xc (SW_CPU_RESET),boot:0x13 (SPI_FAST_FLASH_BOOT)
configsip: 0, SPIWP:0xee
clk_drv:0x00,q_drv:0x00,d_drv:0x00,cs0_drv:0x00,hd_drv:0x00,wp_drv:0x00
mode:DIO, clock div:2
load:0x3fff0030,len:6380
ho 0 tail 12 room 4
load:0x40078000,len:15904
load:0x40080400,len:3860
entry 0x40080638
[0;32mI (29) boot: ESP-IDF v5.5-dev-3618-g7f6e7f4506 2nd stage bootloader[0m
[0;32mI (29) boot: compile time May 15 2025 22:15:59[0m
[0;32mI (29) boot: Multicore bootloader[0m
[0;32mI (32) boot: chip revision: v3.0[0m
[0;32mI (35) boot.esp32: SPI Speed      : 40MHz[0m
[0;32mI (39) boot.esp32: SPI Mode       : DIO[0m
[0;32mI (42) boot.esp32: SPI Flash Size : 2MB[0m
[0;32mI (46) boot: Enabling RNG early entropy source...[0m
[0;32mI (50) boot: Partition Table:[0m
[0;32mI (53) boot: ## Label            Usage          Type ST Offset   Length[0m
[0;32mI (59) boot:  0 nvs              WiFi data        01 02 00009000 00006000[0m
[0;32mI (66) boot:  1 phy_init         RF data          01 01 0000f000 00001000[0m
[0;32mI (72) boot:  2 factory          factory app      00 00 00010000 00100000[0m
[0;32mI (79) boot: End of partition table[0m
[0;32mI (82) esp_image: segment 0: paddr=00010020 vaddr=3f400020 size=07600h ( 30208) map[0m
[0;32mI (100) esp_image: segment 1: paddr=00017628 vaddr=3ff80000 size=00020h (    32) load[0m
[0;32mI (100) esp_image: segment 2: paddr=00017650 vaddr=3ffb0000 size=02174h (  8564) load[0m
[0;32mI (108) esp_image: segment 3: paddr=000197cc vaddr=40080000 size=0684ch ( 26700) load[0m
[0;32mI (122) esp_image: segment 4: paddr=00020020 vaddr=400d0020 size=0fbbch ( 64444) map[0m
[0;32mI (145) esp_image: segment 5: paddr=0002fbe4 vaddr=4008684c size=061b4h ( 25012) load[0m
[0;32mI (161) boot: Loaded app from partition at offset 0x10000[0m
[0;32mI (161) boot: Disabling RNG early entropy source...[0m
[0;32mI (171) cpu_start: Multicore app[0m
[0;32mI (180) cpu_start: Pro cpu start user code[0m
[0;32mI (180) cpu_start: cpu freq: 160000000 Hz[0m
[0;32mI (180) app_init: Application information:[0m
[0;32mI (180) app_init: Project name:     hello_world[0m
[0;32mI (184) app_init: App version:      v5.5-dev-3618-g7f6e7f4506[0m
[0;32mI (190) app_init: Compile time:     May 15 2025 22:15:54[0m
[0;32mI (195) app_init: ELF file SHA256:  93e0760a1...[0m
[0;32mI (199) app_init: ESP-IDF:          v5.5-dev-3618-g7f6e7f4506[0m
[0;32mI (204) efuse_init: Min chip rev:     v0.0[0m
[0;32mI (208) efuse_init: Max chip rev:     v3.99 [0m
[0;32mI (212) efuse_init: Chip rev:         v3.0[0m
[0;32mI (216) heap_init: Initializing. RAM available for dynamic allocation:[0m
[0;32mI (223) heap_init: At 3FFAE6E0 len 00001920 (6 KiB): DRAM[0m
[0;32mI (228) heap_init: At 3FFB29E0 len 0002D620 (181 KiB): DRAM[0m
[0;32mI (233) heap_init: At 3FFE0440 len 00003AE0 (14 KiB): D/IRAM[0m
[0;32mI (238) heap_init: At 3FFE4350 len 0001BCB0 (111 KiB): D/IRAM[0m
[0;32mI (244) heap_init: At 4008CA00 len 00013600 (77 KiB): IRAM[0m
[0;32mI (250) spi_flash: detected chip: generic[0m
[0;32mI (253) spi_flash: flash io: dio[0m
[0;33mW (256) spi_flash: Detected size(4096k) larger than the size in the binary image header(2048k). Using the size in the binary image header.[0m
[0;32mI (268) main_task: Started on CPU0[0m
[0;32mI (278) main_task: Calling app_main()[0m
Hello world!
This is esp32 chip with 2 CPU core(s), WiFi/BTBLE, silicon revision v3.0, 2MB external flash
Minimum free heap size: 306184 bytes
Restarting in 10 seconds...
Restarting in 9 seconds...
Restarting in 8 seconds...
Restarting in 7 seconds...
Restarting in 6 seconds...
Restarting in 5 seconds...
Restarting in 4 seconds...
Restarting in 3 seconds...
Restarting in 2 seconds...
Restarting in 1 seconds...
Restarting in 0 seconds...
Restarting now.
ets Jul 29 2019 12:21:46

rst:0xc (SW_CPU_RESET),boot:0x13 (SPI_FAST_FLASH_BOOT)
configsip: 0, SPIWP:0xee
clk_drv:0x00,q_drv:0x00,d_drv:0x00,cs0_drv:0x00,hd_drv:0x00,wp_drv:0x00
mode:DIO, clock div:2
load:0x3fff0030,len:6380
ho 0 tail 12 room 4
load:0x40078000,len:15904
load:0x40080400,len:3860
entry 0x40080638
[0;32mI (29) boot: ESP-IDF v5.5-dev-3618-g7f6e7f4506 2nd stage bootloader[0m
[0;32mI (29) boot: compile time May 15 2025 22:15:59[0m
[0;32mI (29) boot: Multicore bootloader[0m
[0;32mI (32) boot: chip revision: v3.0[0m
[0;32mI (35) boot.esp32: SPI Speed      : 40MHz[0m
[0;32mI (39) boot.esp32: SPI Mode       : DIO[0m
[0;32mI (42) boot.esp32: SPI Flash Size : 2MB[0m
[0;32mI (46) boot: Enabling RNG early entropy source...[0m
[0;32mI (50) boot: Partition Table:[0m
[0;32mI (53) boot: ## Label            Usage          Type ST Offset   Length[0m
[0;32mI (59) boot:  0 nvs              WiFi data        01 02 00009000 00006000[0m
[0;32mI (66) boot:  1 phy_init         RF data          01 01 0000f000 00001000[0m
[0;32mI (72) boot:  2 factory          factory app      00 00 00010000 00100000[0m
[0;32mI (79) boot: End of partition table[0m
[0;32mI (82) esp_image: segment 0: paddr=00010020 vaddr=3f400020 size=07600h ( 30208) map[0m
[0;32mI (100) esp_image: segment 1: paddr=00017628 vaddr=3ff80000 size=00020h (    32) load[0m
[0;32mI (100) esp_image: segment 2: paddr=00017650 vaddr=3ffb0000 size=02174h (  8564) load[0m
[0;32mI (108) esp_image: segment 3: paddr=000197cc vaddr=40080000 size=0684ch ( 26700) load[0m
[0;32mI (122) esp_image: segment 4: paddr=00020020 vaddr=400d0020 size=0fbbch ( 64444) map[0m
[0;32mI (145) esp_image: segment 5: paddr=0002fbe4 vaddr=4008684c size=061b4h ( 25012) load[0m
[0;32mI (161) boot: Loaded app from partition at offset 0x10000[0m
[0;32mI (161) boot: Disabling RNG early entropy source...[0m
[0;32mI (171) cpu_start: Multicore app[0m
[0;32mI (180) cpu_start: Pro cpu start user code[0m
[0;32mI (180) cpu_start: cpu freq: 160000000 Hz[0m
[0;32mI (180) app_init: Application information:[0m
[0;32mI (180) app_init: Project name:     hello_world[0m
[0;32mI (184) app_init: App version:      v5.5-dev-3618-g7f6e7f4506[0m
[0;32mI (190) app_init: Compile time:     May 15 2025 22:15:54[0m
[0;32mI (195) app_init: ELF file SHA256:  93e0760a1...[0m
[0;32mI (199) app_init: ESP-IDF:          v5.5-dev-3618-g7f6e7f4506[0m
[0;32mI (204) efuse_init: Min chip rev:     v0.0[0m
[0;32mI (208) efuse_init: Max chip rev:     v3.99 [0m
[0;32mI (212) efuse_init: Chip rev:         v3.0[0m
[0;32mI (216) heap_init: Initializing. RAM available for dynamic allocation:[0m
[0;32mI (223) heap_init: At 3FFAE6E0 len 00001920 (6 KiB): DRAM[0m
[0;32mI (228) heap_init: At 3FFB29E0 len 0002D620 (181 KiB): DRAM[0m
[0;32mI (233) heap_init: At 3FFE0440 len 00003AE0 (14 KiB): D/IRAM[0m
[0;32mI (238) heap_init: At 3FFE4350 len 0001BCB0 (111 KiB): D/IRAM[0m
[0;32mI (244) heap_init: At 4008CA00 len 00013600 (77 KiB): IRAM[0m
[0;32mI (250) spi_flash: detected chip: generic[0m
[0;32mI (253) spi_flash: flash io: dio[0m
[0;33mW (256) spi_flash: Detected size(4096k) larger than the size in the binary image header(2048k). Using the size in the binary image header.[0m
[0;32mI (268) main_task: Started on CPU0[0m
[0;32mI (278) main_task: Calling app_main()[0m
Hello world!
This is esp32 chip with 2 CPU core(s), WiFi/BTBLE, silicon revision v3.0, 2MB external flash
Minimum free heap size: 306184 bytes
Restarting in 10 seconds...
Restarting in 9 seconds...
Restarting in 8 seconds...
Restarting in 7 seconds...
Restarting in 6 seconds...
Restarting in 5 seconds...
Restarting in 4 seconds...
Restarting in 3 seconds...
Restarting in 2 seconds...
Restarting in 1 seconds...
Restarting in 0 seconds...
Restarting now.
ets Jul 29 2019 12:21:46

rst:0xc (SW_CPU_RESET),boot:0x13 (SPI_FAST_FLASH_BOOT)
configsip: 0, SPIWP:0xee
clk_drv:0x00,q_drv:0x00,d_drv:0x00,cs0_drv:0x00,hd_drv:0x00,wp_drv:0x00
mode:DIO, clock div:2
load:0x3fff0030,len:6380
ho 0 tail 12 room 4
load:0x40078000,len:15904
load:0x40080400,len:3860
entry 0x40080638
[0;32mI (29) boot: ESP-IDF v5.5-dev-3618-g7f6e7f4506 2nd stage bootloader[0m
[0;32mI (29) boot: compile time May 15 2025 22:15:59[0m
[0;32mI (29) boot: Multicore bootloader[0m
[0;32mI (32) boot: chip revision: v3.0[0m
[0;32mI (35) boot.esp32: SPI Speed      : 40MHz[0m
[0;32mI (39) boot.esp32: SPI Mode       : DIO[0m
[0;32mI (42) boot.esp32: SPI Flash Size : 2MB[0m
[0;32mI (46) boot: Enabling RNG early entropy source...[0m
[0;32mI (50) boot: Partition Table:[0m
[0;32mI (53) boot: ## Label            Usage          Type ST Offset   Length[0m
[0;32mI (59) boot:  0 nvs              WiFi data        01 02 00009000 00006000[0m
[0;32mI (66) boot:  1 phy_init         RF data          01 01 0000f000 00001000[0m
[0;32mI (72) boot:  2 factory          factory app      00 00 00010000 00100000[0m
[0;32mI (79) boot: End of partition table[0m
[0;32mI (82) esp_image: segment 0: paddr=00010020 vaddr=3f400020 size=07600h ( 30208) map[0m
[0;32mI (100) esp_image: segment 1: paddr=00017628 vaddr=3ff80000 size=00020h (    32) load[0m
[0;32mI (100) esp_image: segment 2: paddr=00017650 vaddr=3ffb0000 size=02174h (  8564) load[0m
[0;32mI (108) esp_image: segment 3: paddr=000197cc vaddr=40080000 size=0684ch ( 26700) load[0m
[0;32mI (122) esp_image: segment 4: paddr=00020020 vaddr=400d0020 size=0fbbch ( 64444) map[0m
[0;32mI (145) esp_image: segment 5: paddr=0002fbe4 vaddr=4008684c size=061b4h ( 25012) load[0m
[0;32mI (161) boot: Loaded app from partition at offset 0x10000[0m
[0;32mI (161) boot: Disabling RNG early entropy source...[0m
[0;32mI (171) cpu_start: Multicore app[0m
[0;32mI (180) cpu_start: Pro cpu start user code[0m
[0;32mI (180) cpu_start: cpu freq: 160000000 Hz[0m
[0;32mI (180) app_init: Application information:[0m
[0;32mI (180) app_init: Project name:     hello_world[0m
[0;32mI (184) app_init: App version:      v5.5-dev-3618-g7f6e7f4506[0m
[0;32mI (190) app_init: Compile time:     May 15 2025 22:15:54[0m
[0;32mI (195) app_init: ELF file SHA256:  93e0760a1...[0m
[0;32mI (199) app_init: ESP-IDF:          v5.5-dev-3618-g7f6e7f4506[0m
[0;32mI (204) efuse_init: Min chip rev:     v0.0[0m
[0;32mI (208) efuse_init: Max chip rev:     v3.99 [0m
[0;32mI (212) efuse_init: Chip rev:         v3.0[0m
[0;32mI (216) heap_init: Initializing. RAM available for dynamic allocation:[0m
[0;32mI (223) heap_init: At 3FFAE6E0 len 00001920 (6 KiB): DRAM[0m
[0;32mI (228) heap_init: At 3FFB29E0 len 0002D620 (181 KiB): DRAM[0m
[0;32mI (233) heap_init: At 3FFE0440 len 00003AE0 (14 KiB): D/IRAM[0m
[0;32mI (238) heap_init: At 3FFE4350 len 0001BCB0 (111 KiB): D/IRAM[0m
[0;32mI (244) heap_init: At 4008CA00 len 00013600 (77 KiB): IRAM[0m
[0;32mI (250) spi_flash: detected chip: generic[0m
[0;32mI (253) spi_flash: flash io: dio[0m
[0;33mW (256) spi_flash: Detected size(4096k) larger than the size in the binary image header(2048k). Using the size in the binary image header.[0m
[0;32mI (268) main_task: Started on CPU0[0m
[0;32mI (278) main_task: Calling app_main()[0m
Hello world!
This is esp32 chip with 2 CPU core(s), WiFi/BTBLE, silicon revision v3.0, 2MB external flash
Minimum free heap size: 306184 bytes
Restarting in 10 seconds...
Restarting in 9 seconds...
Restarting in 8 seconds...
Restarting in 7 seconds...
Restarting in 6 seconds...
Restarting in 5 seconds...
Restarting in 4 seconds...
Restarting in 3 seconds...
Restarting in 2 seconds...
Restarting in 1 seconds...
Restarting in 0 seconds...
Restarting now.
ets Jul 29 2019 12:21:46

rst:0xc (SW_CPU_RESET),boot:0x13 (SPI_FAST_FLASH_BOOT)
configsip: 0, SPIWP:0xee
clk_drv:0x00,q_drv:0x00,d_drv:0x00,cs0_drv:0x00,hd_drv:0x00,wp_drv:0x00
mode:DIO, clock div:2
load:0x3fff0030,len:6380
ho 0 tail 12 room 4
load:0x40078000,len:15904
load:0x40080400,len:3860
entry 0x40080638
[0;32mI (29) boot: ESP-IDF v5.5-dev-3618-g7f6e7f4506 2nd stage bootloader[0m
[0;32mI (29) boot: compile time May 15 2025 22:15:59[0m
[0;32mI (29) boot: Multicore bootloader[0m
[0;32mI (32) boot: chip revision: v3.0[0m
[0;32mI (35) boot.esp32: SPI Speed      : 40MHz[0m
[0;32mI (39) boot.esp32: SPI Mode       : DIO[0m
[0;32mI (42) boot.esp32: SPI Flash Size : 2MB[0m
[0;32mI (46) boot: Enabling RNG early entropy source...[0m
[0;32mI (50) boot: Partition Table:[0m
[0;32mI (53) boot: ## Label            Usage          Type ST Offset   Length[0m
[0;32mI (59) boot:  0 nvs              WiFi data        01 02 00009000 00006000[0m
[0;32mI (66) boot:  1 phy_init         RF data          01 01 0000f000 00001000[0m
[0;32mI (72) boot:  2 factory          factory app      00 00 00010000 00100000[0m
[0;32mI (79) boot: End of partition table[0m
[0;32mI (82) esp_image: segment 0: paddr=00010020 vaddr=3f400020 size=07600h ( 30208) map[0m
[0;32mI (100) esp_image: segment 1: paddr=00017628 vaddr=3ff80000 size=00020h (    32) load[0m
[0;32mI (100) esp_image: segment 2: paddr=00017650 vaddr=3ffb0000 size=02174h (  8564) load[0m
[0;32mI (108) esp_image: segment 3: paddr=000197cc vaddr=40080000 size=0684ch ( 26700) load[0m
[0;32mI (122) esp_image: segment 4: paddr=00020020 vaddr=400d0020 size=0fbbch ( 64444) map[0m
[0;32mI (145) esp_image: segment 5: paddr=0002fbe4 vaddr=4008684c size=061b4h ( 25012) load[0m
[0;32mI (161) boot: Loaded app from partition at offset 0x10000[0m
[0;32mI (161) boot: Disabling RNG early entropy source...[0m
[0;32mI (171) cpu_start: Multicore app[0m
[0;32mI (180) cpu_start: Pro cpu start user code[0m
[0;32mI (180) cpu_start: cpu freq: 160000000 Hz[0m
[0;32mI (180) app_init: Application information:[0m
[0;32mI (180) app_init: Project name:     hello_world[0m
[0;32mI (184) app_init: App version:      v5.5-dev-3618-g7f6e7f4506[0m
[0;32mI (190) app_init: Compile time:     May 15 2025 22:15:54[0m
[0;32mI (195) app_init: ELF file SHA256:  93e0760a1...[0m
[0;32mI (199) app_init: ESP-IDF:          v5.5-dev-3618-g7f6e7f4506[0m
[0;32mI (204) efuse_init: Min chip rev:     v0.0[0m
[0;32mI (208) efuse_init: Max chip rev:     v3.99 [0m
[0;32mI (212) efuse_init: Chip rev:         v3.0[0m
[0;32mI (216) heap_init: Initializing. RAM available for dynamic allocation:[0m
[0;32mI (223) heap_init: At 3FFAE6E0 len 00001920 (6 KiB): DRAM[0m
[0;32mI (228) heap_init: At 3FFB29E0 len 0002D620 (181 KiB): DRAM[0m
[0;32mI (233) heap_init: At 3FFE0440 len 00003AE0 (14 KiB): D/IRAM[0m
[0;32mI (238) heap_init: At 3FFE4350 len 0001BCB0 (111 KiB): D/IRAM[0m
[0;32mI (244) heap_init: At 4008CA00 len 00013600 (77 KiB): IRAM[0m
[0;32mI (250) spi_flash: detected chip: generic[0m
[0;32mI (253) spi_flash: flash io: dio[0m
[0;33mW (256) spi_flash: Detected size(4096k) larger than the size in the binary image header(2048k). Using the size in the binary image header.[0m
[0;32mI (268) main_task: Started on CPU0[0m
[0;32mI (278) main_task: Calling app_main()[0m
Hello world!
This is esp32 chip with 2 CPU core(s), WiFi/BTBLE, silicon revision v3.0, 2MB external flash
Minimum free heap size: 306184 bytes
Restarting in 10 seconds...
Restarting in 9 seconds...
Restarting in 8 seconds...
Restarting in 7 seconds...
Restarting in 6 seconds...
Restarting in 5 seconds...
Restarting in 4 seconds...
Restarting in 3 seconds...
Restarting in 2 seconds...
Restarting in 1 seconds...
Restarting in 0 seconds...
Restarting now.
ets Jul 29 2019 12:21:46

rst:0xc (SW_CPU_RESET),boot:0x13 (SPI_FAST_FLASH_BOOT)
configsip: 0, SPIWP:0xee
clk_drv:0x00,q_drv:0x00,d_drv:0x00,cs0_drv:0x00,hd_drv:0x00,wp_drv:0x00
mode:DIO, clock div:2
load:0x3fff0030,len:6380
ho 0 tail 12 room 4
load:0x40078000,len:15904
load:0x40080400,len:3860
entry 0x40080638
[0;32mI (29) boot: ESP-IDF v5.5-dev-3618-g7f6e7f4506 2nd stage bootloader[0m
[0;32mI (29) boot: compile time May 15 2025 22:15:59[0m
[0;32mI (29) boot: Multicore bootloader[0m
[0;32mI (32) boot: chip revision: v3.0[0m
[0;32mI (35) boot.esp32: SPI Speed      : 40MHz[0m
[0;32mI (39) boot.esp32: SPI Mode       : DIO[0m
[0;32mI (42) boot.esp32: SPI Flash Size : 2MB[0m
[0;32mI (46) boot: Enabling RNG early entropy source...[0m
[0;32mI (50) boot: Partition Table:[0m
[0;32mI (53) boot: ## Label            Usage          Type ST Offset   Length[0m
[0;32mI (59) boot:  0 nvs              WiFi data        01 02 00009000 00006000[0m
[0;32mI (66) boot:  1 phy_init         RF data          01 01 0000f000 00001000[0m
[0;32mI (72) boot:  2 factory          factory app      00 00 00010000 00100000[0m
[0;32mI (79) boot: End of partition table[0m
[0;32mI (82) esp_image: segment 0: paddr=00010020 vaddr=3f400020 size=07600h ( 30208) map[0m
[0;32mI (100) esp_image: segment 1: paddr=00017628 vaddr=3ff80000 size=00020h (    32) load[0m
[0;32mI (100) esp_image: segment 2: paddr=00017650 vaddr=3ffb0000 size=02174h (  8564) load[0m
[0;32mI (108) esp_image: segment 3: paddr=000197cc vaddr=40080000 size=0684ch ( 26700) load[0m
[0;32mI (122) esp_image: segment 4: paddr=00020020 vaddr=400d0020 size=0fbbch ( 64444) map[0m
[0;32mI (145) esp_image: segment 5: paddr=0002fbe4 vaddr=4008684c size=061b4h ( 25012) load[0m
[0;32mI (161) boot: Loaded app from partition at offset 0x10000[0m
[0;32mI (161) boot: Disabling RNG early entropy source...[0m
[0;32mI (171) cpu_start: Multicore app[0m
[0;32mI (180) cpu_start: Pro cpu start user code[0m
[0;32mI (180) cpu_start: cpu freq: 160000000 Hz[0m
[0;32mI (180) app_init: Application information:[0m
[0;32mI (180) app_init: Project name:     hello_world[0m
[0;32mI (184) app_init: App version:      v5.5-dev-3618-g7f6e7f4506[0m
[0;32mI (190) app_init: Compile time:     May 15 2025 22:15:54[0m
[0;32mI (195) app_init: ELF file SHA256:  93e0760a1...[0m
[0;32mI (199) app_init: ESP-IDF:          v5.5-dev-3618-g7f6e7f4506[0m
[0;32mI (204) efuse_init: Min chip rev:     v0.0[0m
[0;32mI (208) efuse_init: Max chip rev:     v3.99 [0m
[0;32mI (212) efuse_init: Chip rev:         v3.0[0m
[0;32mI (216) heap_init: Initializing. RAM available for dynamic allocation:[0m
[0;32mI (223) heap_init: At 3FFAE6E0 len 00001920 (6 KiB): DRAM[0m
[0;32mI (228) heap_init: At 3FFB29E0 len 0002D620 (181 KiB): DRAM[0m
[0;32mI (233) heap_init: At 3FFE0440 len 00003AE0 (14 KiB): D/IRAM[0m
[0;32mI (238) heap_init: At 3FFE4350 len 0001BCB0 (111 KiB): D/IRAM[0m
[0;32mI (244) heap_init: At 4008CA00 len 00013600 (77 KiB): IRAM[0m
[0;32mI (250) spi_flash: detected chip: generic[0m
[0;32mI (253) spi_flash: flash io: dio[0m
[0;33mW (256) spi_flash: Detected size(4096k) larger than the size in the binary image header(2048k). Using the size in the binary image header.[0m
[0;32mI (268) main_task: Started on CPU0[0m
[0;32mI (278) main_task: Calling app_main()[0m
Hello world!
This is esp32 chip with 2 CPU core(s), WiFi/BTBLE, silicon revision v3.0, 2MB external flash
Minimum free heap size: 306184 bytes
Restarting in 10 seconds...
Restarting in 9 seconds...
Restarting in 8 seconds...
Restarting in 7 seconds...
Restarting in 6 seconds...
Restarting in 5 seconds...
Restarting in 4 seconds...
Restarting in 3 seconds...
Restarting in 2 seconds...
Restarting in 1 seconds...
Restarting in 0 seconds...
Restarting now.
ets Jul 29 2019 12:21:46

rst:0xc (SW_CPU_RESET),boot:0x13 (SPI_FAST_FLASH_BOOT)
configsip: 0, SPIWP:0xee
clk_drv:0x00,q_drv:0x00,d_drv:0x00,cs0_drv:0x00,hd_drv:0x00,wp_drv:0x00
mode:DIO, clock div:2
load:0x3fff0030,len:6380
ho 0 tail 12 room 4
load:0x40078000,len:15904
load:0x40080400,len:3860
entry 0x40080638
[0;32mI (29) boot: ESP-IDF v5.5-dev-3618-g7f6e7f4506 2nd stage bootloader[0m
[0;32mI (29) boot: compile time May 15 2025 22:15:59[0m
[0;32mI (29) boot: Multicore bootloader[0m
[0;32mI (32) boot: chip revision: v3.0[0m
[0;32mI (35) boot.esp32: SPI Speed      : 40MHz[0m
[0;32mI (39) boot.esp32: SPI Mode       : DIO[0m
[0;32mI (42) boot.esp32: SPI Flash Size : 2MB[0m
[0;32mI (46) boot: Enabling RNG early entropy source...[0m
[0;32mI (50) boot: Partition Table:[0m
[0;32mI (53) boot: ## Label            Usage          Type ST Offset   Length[0m
[0;32mI (59) boot:  0 nvs              WiFi data        01 02 00009000 00006000[0m
[0;32mI (66) boot:  1 phy_init         RF data          01 01 0000f000 00001000[0m
[0;32mI (72) boot:  2 factory          factory app      00 00 00010000 00100000[0m
[0;32mI (79) boot: End of partition table[0m
[0;32mI (82) esp_image: segment 0: paddr=00010020 vaddr=3f400020 size=07600h ( 30208) map[0m
[0;32mI (100) esp_image: segment 1: paddr=00017628 vaddr=3ff80000 size=00020h (    32) load[0m
[0;32mI (100) esp_image: segment 2: paddr=00017650 vaddr=3ffb0000 size=02174h (  8564) load[0m
[0;32mI (108) esp_image: segment 3: paddr=000197cc vaddr=40080000 size=0684ch ( 26700) load[0m
[0;32mI (122) esp_image: segment 4: paddr=00020020 vaddr=400d0020 size=0fbbch ( 64444) map[0m
[0;32mI (145) esp_image: segment 5: paddr=0002fbe4 vaddr=4008684c size=061b4h ( 25012) load[0m
[0;32mI (161) boot: Loaded app from partition at offset 0x10000[0m
[0;32mI (161) boot: Disabling RNG early entropy source...[0m
[0;32mI (171) cpu_start: Multicore app[0m
[0;32mI (180) cpu_start: Pro cpu start user code[0m
[0;32mI (180) cpu_start: cpu freq: 160000000 Hz[0m
[0;32mI (180) app_init: Application information:[0m
[0;32mI (180) app_init: Project name:     hello_world[0m
[0;32mI (184) app_init: App version:      v5.5-dev-3618-g7f6e7f4506[0m
[0;32mI (190) app_init: Compile time:     May 15 2025 22:15:54[0m
[0;32mI (195) app_init: ELF file SHA256:  93e0760a1...[0m
[0;32mI (199) app_init: ESP-IDF:          v5.5-dev-3618-g7f6e7f4506[0m
[0;32mI (204) efuse_init: Min chip rev:     v0.0[0m
[0;32mI (208) efuse_init: Max chip rev:     v3.99 [0m
[0;32mI (212) efuse_init: Chip rev:         v3.0[0m
[0;32mI (216) heap_init: Initializing. RAM available for dynamic allocation:[0m
[0;32mI (223) heap_init: At 3FFAE6E0 len 00001920 (6 KiB): DRAM[0m
[0;32mI (228) heap_init: At 3FFB29E0 len 0002D620 (181 KiB): DRAM[0m
[0;32mI (233) heap_init: At 3FFE0440 len 00003AE0 (14 KiB): D/IRAM[0m
[0;32mI (238) heap_init: At 3FFE4350 len 0001BCB0 (111 KiB): D/IRAM[0m
[0;32mI (244) heap_init: At 4008CA00 len 00013600 (77 KiB): IRAM[0m
[0;32mI (250) spi_flash: detected chip: generic[0m
[0;32mI (253) spi_flash: flash io: dio[0m
[0;33mW (256) spi_flash: Detected size(4096k) larger than the size in the binary image header(2048k). Using the size in the binary image header.[0m
[0;32mI (268) main_task: Started on CPU0[0m
[0;32mI (278) main_task: Calling app_main()[0m
Hello world!
This is esp32 chip with 2 CPU core(s), WiFi/BTBLE, silicon revision v3.0, 2MB external flash
Minimum free heap size: 306184 bytes
Restarting in 10 seconds...
Restarting in 9 seconds...
Restarting in 8 seconds...
Restarting in 7 seconds...
Restarting in 6 seconds...
Restarting in 5 seconds...
Restarting in 4 seconds...
Restarting in 3 seconds...
Restarting in 2 seconds...
Restarting in 1 seconds...
Restarting in 0 seconds...
Restarting now.
ets Jul 29 2019 12:21:46

rst:0xc (SW_CPU_RESET),boot:0x13 (SPI_FAST_FLASH_BOOT)
configsip: 0, SPIWP:0xee
clk_drv:0x00,q_drv:0x00,d_drv:0x00,cs0_drv:0x00,hd_drv:0x00,wp_drv:0x00
mode:DIO, clock div:2
load:0x3fff0030,len:6380
ho 0 tail 12 room 4
load:0x40078000,len:15904
load:0x40080400,len:3860
entry 0x40080638
[0;32mI (29) boot: ESP-IDF v5.5-dev-3618-g7f6e7f4506 2nd stage bootloader[0m
[0;32mI (29) boot: compile time May 15 2025 22:15:59[0m
[0;32mI (29) boot: Multicore bootloader[0m
[0;32mI (32) boot: chip revision: v3.0[0m
[0;32mI (35) boot.esp32: SPI Speed      : 40MHz[0m
[0;32mI (39) boot.esp32: SPI Mode       : DIO[0m
[0;32mI (42) boot.esp32: SPI Flash Size : 2MB[0m
[0;32mI (46) boot: Enabling RNG early entropy source...[0m
[0;32mI (50) boot: Partition Table:[0m
[0;32mI (53) boot: ## Label            Usage          Type ST Offset   Length[0m
[0;32mI (59) boot:  0 nvs              WiFi data        01 02 00009000 00006000[0m
[0;32mI (66) boot:  1 phy_init         RF data          01 01 0000f000 00001000[0m
[0;32mI (72) boot:  2 factory          factory app      00 00 00010000 00100000[0m
[0;32mI (79) boot: End of partition table[0m
[0;32mI (82) esp_image: segment 0: paddr=00010020 vaddr=3f400020 size=07600h ( 30208) map[0m
[0;32mI (100) esp_image: segment 1: paddr=00017628 vaddr=3ff80000 size=00020h (    32) load[0m
[0;32mI (100) esp_image: segment 2: paddr=00017650 vaddr=3ffb0000 size=02174h (  8564) load[0m
[0;32mI (108) esp_image: segment 3: paddr=000197cc vaddr=40080000 size=0684ch ( 26700) load[0m
[0;32mI (122) esp_image: segment 4: paddr=00020020 vaddr=400d0020 size=0fbbch ( 64444) map[0m
[0;32mI (145) esp_image: segment 5: paddr=0002fbe4 vaddr=4008684c size=061b4h ( 25012) load[0m
[0;32mI (161) boot: Loaded app from partition at offset 0x10000[0m
[0;32mI (161) boot: Disabling RNG early entropy source...[0m
[0;32mI (171) cpu_start: Multicore app[0m
[0;32mI (180) cpu_start: Pro cpu start user code[0m
[0;32mI (180) cpu_start: cpu freq: 160000000 Hz[0m
[0;32mI (180) app_init: Application information:[0m
[0;32mI (180) app_init: Project name:     hello_world[0m
[0;32mI (184) app_init: App version:      v5.5-dev-3618-g7f6e7f4506[0m
[0;32mI (190) app_init: Compile time:     May 15 2025 22:15:54[0m
[0;32mI (195) app_init: ELF file SHA256:  93e0760a1...[0m
[0;32mI (199) app_init: ESP-IDF:          v5.5-dev-3618-g7f6e7f4506[0m
[0;32mI (204) efuse_init: Min chip rev:     v0.0[0m
[0;32mI (208) efuse_init: Max chip rev:     v3.99 [0m
[0;32mI (212) efuse_init: Chip rev:         v3.0[0m
[0;32mI (216) heap_init: Initializing. RAM available for dynamic allocation:[0m
[0;32mI (223) heap_init: At 3FFAE6E0 len 00001920 (6 KiB): DRAM[0m
[0;32mI (228) heap_init: At 3FFB29E0 len 0002D620 (181 KiB): DRAM[0m
[0;32mI (233) heap_init: At 3FFE0440 len 00003AE0 (14 KiB): D/IRAM[0m
[0;32mI (238) heap_init: At 3FFE4350 len 0001BCB0 (111 KiB): D/IRAM[0m
[0;32mI (244) heap_init: At 4008CA00 len 00013600 (77 KiB): IRAM[0m
[0;32mI (250) spi_flash: detected chip: generic[0m
[0;32mI (253) spi_flash: flash io: dio[0m
[0;33mW (256) spi_flash: Detected size(4096k) larger than the size in the binary image header(2048k). Using the size in the binary image header.[0m
[0;32mI (268) main_task: Started on CPU0[0m
[0;32mI (278) main_task: Calling app_main()[0m
Hello world!
This is esp32 chip with 2 CPU core(s), WiFi/BTBLE, silicon revision v3.0, 2MB external flash
Minimum free heap size: 306184 bytes
Restarting in 10 seconds...
Restarting in 9 seconds...
Restarting in 8 seconds...
Restarting in 7 seconds...
Restarting in 6 seconds...
Restarting in 5 seconds...
Restarting in 4 seconds...
Restarting in 3 seconds...
Restarting in 2 seconds...
Restarting in 1 seconds...
Restarting in 0 seconds...
Restarting now.
ets Jul 29 2019 12:21:46

rst:0xc (SW_CPU_RESET),boot:0x13 (SPI_FAST_FLASH_BOOT)
configsip: 0, SPIWP:0xee
clk_drv:0x00,q_drv:0x00,d_drv:0x00,cs0_drv:0x00,hd_drv:0x00,wp_drv:0x00
mode:DIO, clock div:2
load:0x3fff0030,len:6380
ho 0 tail 12 room 4
load:0x40078000,len:15904
load:0x40080400,len:3860
entry 0x40080638
[0;32mI (29) boot: ESP-IDF v5.5-dev-3618-g7f6e7f4506 2nd stage bootloader[0m
[0;32mI (29) boot: compile time May 15 2025 22:15:59[0m
[0;32mI (29) boot: Multicore bootloader[0m
[0;32mI (32) boot: chip revision: v3.0[0m
[0;32mI (35) boot.esp32: SPI Speed      : 40MHz[0m
[0;32mI (39) boot.esp32: SPI Mode       : DIO[0m
[0;32mI (42) boot.esp32: SPI Flash Size : 2MB[0m
[0;32mI (46) boot: Enabling RNG early entropy source...[0m
[0;32mI (50) boot: Partition Table:[0m
[0;32mI (53) boot: ## Label            Usage          Type ST Offset   Length[0m
[0;32mI (59) boot:  0 nvs              WiFi data        01 02 00009000 00006000[0m
[0;32mI (66) boot:  1 phy_init         RF data          01 01 0000f000 00001000[0m
[0;32mI (72) boot:  2 factory          factory app      00 00 00010000 00100000[0m
[0;32mI (79) boot: End of partition table[0m
[0;32mI (82) esp_image: segment 0: paddr=00010020 vaddr=3f400020 size=07600h ( 30208) map[0m
[0;32mI (100) esp_image: segment 1: paddr=00017628 vaddr=3ff80000 size=00020h (    32) load[0m
[0;32mI (100) esp_image: segment 2: paddr=00017650 vaddr=3ffb0000 size=02174h (  8564) load[0m
[0;32mI (108) esp_image: segment 3: paddr=000197cc vaddr=40080000 size=0684ch ( 26700) load[0m
[0;32mI (122) esp_image: segment 4: paddr=00020020 vaddr=400d0020 size=0fbbch ( 64444) map[0m
[0;32mI (145) esp_image: segment 5: paddr=0002fbe4 vaddr=4008684c size=061b4h ( 25012) load[0m
[0;32mI (161) boot: Loaded app from partition at offset 0x10000[0m
[0;32mI (161) boot: Disabling RNG early entropy source...[0m
[0;32mI (171) cpu_start: Multicore app[0m
[0;32mI (180) cpu_start: Pro cpu start user code[0m
[0;32mI (180) cpu_start: cpu freq: 160000000 Hz[0m
[0;32mI (180) app_init: Application information:[0m
[0;32mI (180) app_init: Project name:     hello_world[0m
[0;32mI (184) app_init: App version:      v5.5-dev-3618-g7f6e7f4506[0m
[0;32mI (190) app_init: Compile time:     May 15 2025 22:15:54[0m
[0;32mI (195) app_init: ELF file SHA256:  93e0760a1...[0m
[0;32mI (199) app_init: ESP-IDF:          v5.5-dev-3618-g7f6e7f4506[0m
[0;32mI (204) efuse_init: Min chip rev:     v0.0[0m
[0;32mI (208) efuse_init: Max chip rev:     v3.99 [0m
[0;32mI (212) efuse_init: Chip rev:         v3.0[0m
[0;32mI (216) heap_init: Initializing. RAM available for dynamic allocation:[0m
[0;32mI (223) heap_init: At 3FFAE6E0 len 00001920 (6 KiB): DRAM[0m
[0;32mI (228) heap_init: At 3FFB29E0 len 0002D620 (181 KiB): DRAM[0m
[0;32mI (233) heap_init: At 3FFE0440 len 00003AE0 (14 KiB): D/IRAM[0m
[0;32mI (238) heap_init: At 3FFE4350 len 0001BCB0 (111 KiB): D/IRAM[0m
[0;32mI (244) heap_init: At 4008CA00 len 00013600 (77 KiB): IRAM[0m
[0;32mI (250) spi_flash: detected chip: generic[0m
[0;32mI (253) spi_flash: flash io: dio[0m
[0;33mW (256) spi_flash: Detected size(4096k) larger than the size in the binary image header(2048k). Using the size in the binary image header.[0m
[0;32mI (268) main_task: Started on CPU0[0m
[0;32mI (278) main_task: Calling app_main()[0m
Hello world!
This is esp32 chip with 2 CPU core(s), WiFi/BTBLE, silicon revision v3.0, 2MB external flash
Minimum free heap size: 306184 bytes
Restarting in 10 seconds...
Restarting in 9 seconds...
Restarting in 8 seconds...
Restarting in 7 seconds...
Restarting in 6 seconds...
Restarting in 5 seconds...
Restarting in 4 seconds...
Restarting in 3 seconds...
Restarting in 2 seconds...
Restarting in 1 seconds...
Restarting in 0 seconds...
Restarting now.
ets Jul 29 2019 12:21:46

rst:0xc (SW_CPU_RESET),boot:0x13 (SPI_FAST_FLASH_BOOT)
configsip: 0, SPIWP:0xee
clk_drv:0x00,q_drv:0x00,d_drv:0x00,cs0_drv:0x00,hd_drv:0x00,wp_drv:0x00
mode:DIO, clock div:2
load:0x3fff0030,len:6380
ho 0 tail 12 room 4
load:0x40078000,len:15904
load:0x40080400,len:3860
entry 0x40080638
[0;32mI (29) boot: ESP-IDF v5.5-dev-3618-g7f6e7f4506 2nd stage bootloader[0m
[0;32mI (29) boot: compile time May 15 2025 22:15:59[0m
[0;32mI (29) boot: Multicore bootloader[0m
[0;32mI (32) boot: chip revision: v3.0[0m
[0;32mI (35) boot.esp32: SPI Speed      : 40MHz[0m
[0;32mI (39) boot.esp32: SPI Mode       : DIO[0m
[0;32mI (42) boot.esp32: SPI Flash Size : 2MB[0m
[0;32mI (46) boot: Enabling RNG early entropy source...[0m
[0;32mI (50) boot: Partition Table:[0m
[0;32mI (53) boot: ## Label            Usage          Type ST Offset   Length[0m
[0;32mI (59) boot:  0 nvs              WiFi data        01 02 00009000 00006000[0m
[0;32mI (66) boot:  1 phy_init         RF data          01 01 0000f000 00001000[0m
[0;32mI (72) boot:  2 factory          factory app      00 00 00010000 00100000[0m
[0;32mI (79) boot: End of partition table[0m
[0;32mI (82) esp_image: segment 0: paddr=00010020 vaddr=3f400020 size=07600h ( 30208) map[0m
[0;32mI (100) esp_image: segment 1: paddr=00017628 vaddr=3ff80000 size=00020h (    32) load[0m
[0;32mI (100) esp_image: segment 2: paddr=00017650 vaddr=3ffb0000 size=02174h (  8564) load[0m
[0;32mI (108) esp_image: segment 3: paddr=000197cc vaddr=40080000 size=0684ch ( 26700) load[0m
[0;32mI (122) esp_image: segment 4: paddr=00020020 vaddr=400d0020 size=0fbbch ( 64444) map[0m
[0;32mI (145) esp_image: segment 5: paddr=0002fbe4 vaddr=4008684c size=061b4h ( 25012) load[0m
[0;32mI (161) boot: Loaded app from partition at offset 0x10000[0m
[0;32mI (161) boot: Disabling RNG early entropy source...[0m
[0;32mI (171) cpu_start: Multicore app[0m
[0;32mI (180) cpu_start: Pro cpu start user code[0m
[0;32mI (180) cpu_start: cpu freq: 160000000 Hz[0m
[0;32mI (180) app_init: Application information:[0m
[0;32mI (180) app_init: Project name:     hello_world[0m
[0;32mI (184) app_init: App version:      v5.5-dev-3618-g7f6e7f4506[0m
[0;32mI (190) app_init: Compile time:     May 15 2025 22:15:54[0m
[0;32mI (195) app_init: ELF file SHA256:  93e0760a1...[0m
[0;32mI (199) app_init: ESP-IDF:          v5.5-dev-3618-g7f6e7f4506[0m
[0;32mI (204) efuse_init: Min chip rev:     v0.0[0m
[0;32mI (208) efuse_init: Max chip rev:     v3.99 [0m
[0;32mI (212) efuse_init: Chip rev:         v3.0[0m
[0;32mI (216) heap_init: Initializing. RAM available for dynamic allocation:[0m
[0;32mI (223) heap_init: At 3FFAE6E0 len 00001920 (6 KiB): DRAM[0m
[0;32mI (228) heap_init: At 3FFB29E0 len 0002D620 (181 KiB): DRAM[0m
[0;32mI (233) heap_init: At 3FFE0440 len 00003AE0 (14 KiB): D/IRAM[0m
[0;32mI (238) heap_init: At 3FFE4350 len 0001BCB0 (111 KiB): D/IRAM[0m
[0;32mI (244) heap_init: At 4008CA00 len 00013600 (77 KiB): IRAM[0m
[0;32mI (250) spi_flash: detected chip: generic[0m
[0;32mI (253) spi_flash: flash io: dio[0m
[0;33mW (256) spi_flash: Detected size(4096k) larger than the size in the binary image header(2048k). Using the size in the binary image header.[0m
[0;32mI (268) main_task: Started on CPU0[0m
[0;32mI (278) main_task: Calling app_main()[0m
Hello world!
This is esp32 chip with 2 CPU core(s), WiFi/BTBLE, silicon revision v3.0, 2MB external flash
Minimum free heap size: 306184 bytes
Restarting in 10 seconds...
Restarting in 9 seconds...
Restarting in 8 seconds...
Restarting in 7 seconds...
Restarting in 6 seconds...
Restarting in 5 seconds...
Restarting in 4 seconds...
Restarting in 3 seconds...
Restarting in 2 seconds...
Restarting in 1 seconds...
Restarting in 0 seconds...
Restarting now.
ets Jul 29 2019 12:21:46

rst:0xc (SW_CPU_RESET),boot:0x13 (SPI_FAST_FLASH_BOOT)
configsip: 0, SPIWP:0xee
clk_drv:0x00,q_drv:0x00,d_drv:0x00,cs0_drv:0x00,hd_drv:0x00,wp_drv:0x00
mode:DIO, clock div:2
load:0x3fff0030,len:6380
ho 0 tail 12 room 4
load:0x40078000,len:15904
load:0x40080400,len:3860
entry 0x40080638
[0;32mI (29) boot: ESP-IDF v5.5-dev-3618-g7f6e7f4506 2nd stage bootloader[0m
[0;32mI (29) boot: compile time May 15 2025 22:15:59[0m
[0;32mI (29) boot: Multicore bootloader[0m
[0;32mI (32) boot: chip revision: v3.0[0m
[0;32mI (35) boot.esp32: SPI Speed      : 40MHz[0m
[0;32mI (39) boot.esp32: SPI Mode       : DIO[0m
[0;32mI (42) boot.esp32: SPI Flash Size : 2MB[0m
[0;32mI (46) boot: Enabling RNG early entropy source...[0m
[0;32mI (50) boot: Partition Table:[0m
[0;32mI (53) boot: ## Label            Usage          Type ST Offset   Length[0m
[0;32mI (59) boot:  0 nvs              WiFi data        01 02 00009000 00006000[0m
[0;32mI (66) boot:  1 phy_init         RF data          01 01 0000f000 00001000[0m
[0;32mI (72) boot:  2 factory          factory app      00 00 00010000 00100000[0m
[0;32mI (79) boot: End of partition table[0m
[0;32mI (82) esp_image: segment 0: paddr=00010020 vaddr=3f400020 size=07600h ( 30208) map[0m
[0;32mI (100) esp_image: segment 1: paddr=00017628 vaddr=3ff80000 size=00020h (    32) load[0m
[0;32mI (100) esp_image: segment 2: paddr=00017650 vaddr=3ffb0000 size=02174h (  8564) load[0m
[0;32mI (108) esp_image: segment 3: paddr=000197cc vaddr=40080000 size=0684ch ( 26700) load[0m
[0;32mI (122) esp_image: segment 4: paddr=00020020 vaddr=400d0020 size=0fbbch ( 64444) map[0m
[0;32mI (145) esp_image: segment 5: paddr=0002fbe4 vaddr=4008684c size=061b4h ( 25012) load[0m
[0;32mI (161) boot: Loaded app from partition at offset 0x10000[0m
[0;32mI (161) boot: Disabling RNG early entropy source...[0m
[0;32mI (171) cpu_start: Multicore app[0m
[0;32mI (180) cpu_start: Pro cpu start user code[0m
[0;32mI (180) cpu_start: cpu freq: 160000000 Hz[0m
[0;32mI (180) app_init: Application information:[0m
[0;32mI (180) app_init: Project name:     hello_world[0m
[0;32mI (184) app_init: App version:      v5.5-dev-3618-g7f6e7f4506[0m
[0;32mI (190) app_init: Compile time:     May 15 2025 22:15:54[0m
[0;32mI (195) app_init: ELF file SHA256:  93e0760a1...[0m
[0;32mI (199) app_init: ESP-IDF:          v5.5-dev-3618-g7f6e7f4506[0m
[0;32mI (204) efuse_init: Min chip rev:     v0.0[0m
[0;32mI (208) efuse_init: Max chip rev:     v3.99 [0m
[0;32mI (212) efuse_init: Chip rev:         v3.0[0m
[0;32mI (216) heap_init: Initializing. RAM available for dynamic allocation:[0m
[0;32mI (223) heap_init: At 3FFAE6E0 len 00001920 (6 KiB): DRAM[0m
[0;32mI (228) heap_init: At 3FFB29E0 len 0002D620 (181 KiB): DRAM[0m
[0;32mI (233) heap_init: At 3FFE0440 len 00003AE0 (14 KiB): D/IRAM[0m
[0;32mI (238) heap_init: At 3FFE4350 len 0001BCB0 (111 KiB): D/IRAM[0m
[0;32mI (244) heap_init: At 4008CA00 len 00013600 (77 KiB): IRAM[0m
[0;32mI (250) spi_flash: detected chip: generic[0m
[0;32mI (253) spi_flash: flash io: dio[0m
[0;33mW (256) spi_flash: Detected size(4096k) larger than the size in the binary image header(2048k). Using the size in the binary image header.[0m
[0;32mI (268) main_task: Started on CPU0[0m
[0;32mI (278) main_task: Calling app_main()[0m
Hello world!
This is esp32 chip with 2 CPU core(s), WiFi/BTBLE, silicon revision v3.0, 2MB external flash
Minimum free heap size: 306184 bytes
Restarting in 10 seconds...
Restarting in 9 seconds...
Restarting in 8 seconds...
Restarting in 7 seconds...
Restarting in 6 seconds...
Restarting in 5 seconds...
Restarting in 4 seconds...
Restarting in 3 seconds...
Restarting in 2 seconds...
Restarting in 1 seconds...
Restarting in 0 seconds...
Restarting now.
ets Jul 29 2019 12:21:46

rst:0xc (SW_CPU_RESET),boot:0x13 (SPI_FAST_FLASH_BOOT)
configsip: 0, SPIWP:0xee
clk_drv:0x00,q_drv:0x00,d_drv:0x00,cs0_drv:0x00,hd_drv:0x00,wp_drv:0x00
mode:DIO, clock div:2
load:0x3fff0030,len:6380
ho 0 tail 12 room 4
load:0x40078000,len:15904
load:0x40080400,len:3860
entry 0x40080638
[0;32mI (29) boot: ESP-IDF v5.5-dev-3618-g7f6e7f4506 2nd stage bootloader[0m
[0;32mI (29) boot: compile time May 15 2025 22:15:59[0m
[0;32mI (29) boot: Multicore bootloader[0m
[0;32mI (32) boot: chip revision: v3.0[0m
[0;32mI (35) boot.esp32: SPI Speed      : 40MHz[0m
[0;32mI (39) boot.esp32: SPI Mode       : DIO[0m
[0;32mI (42) boot.esp32: SPI Flash Size : 2MB[0m
[0;32mI (46) boot: Enabling RNG early entropy source...[0m
[0;32mI (50) boot: Partition Table:[0m
[0;32mI (53) boot: ## Label            Usage          Type ST Offset   Length[0m
[0;32mI (59) boot:  0 nvs              WiFi data        01 02 00009000 00006000[0m
[0;32mI (66) boot:  1 phy_init         RF data          01 01 0000f000 00001000[0m
[0;32mI (72) boot:  2 factory          factory app      00 00 00010000 00100000[0m
[0;32mI (79) boot: End of partition table[0m
[0;32mI (82) esp_image: segment 0: paddr=00010020 vaddr=3f400020 size=07600h ( 30208) map[0m
[0;32mI (100) esp_image: segment 1: paddr=00017628 vaddr=3ff80000 size=00020h (    32) load[0m
[0;32mI (100) esp_image: segment 2: paddr=00017650 vaddr=3ffb0000 size=02174h (  8564) load[0m
[0;32mI (108) esp_image: segment 3: paddr=000197cc vaddr=40080000 size=0684ch ( 26700) load[0m
[0;32mI (122) esp_image: segment 4: paddr=00020020 vaddr=400d0020 size=0fbbch ( 64444) map[0m
[0;32mI (145) esp_image: segment 5: paddr=0002fbe4 vaddr=4008684c size=061b4h ( 25012) load[0m
[0;32mI (161) boot: Loaded app from partition at offset 0x10000[0m
[0;32mI (161) boot: Disabling RNG early entropy source...[0m
[0;32mI (171) cpu_start: Multicore app[0m
[0;32mI (180) cpu_start: Pro cpu start user code[0m
[0;32mI (180) cpu_start: cpu freq: 160000000 Hz[0m
[0;32mI (180) app_init: Application information:[0m
[0;32mI (180) app_init: Project name:     hello_world[0m
[0;32mI (184) app_init: App version:      v5.5-dev-3618-g7f6e7f4506[0m
[0;32mI (190) app_init: Compile time:     May 15 2025 22:15:54[0m
[0;32mI (195) app_init: ELF file SHA256:  93e0760a1...[0m
[0;32mI (199) app_init: ESP-IDF:          v5.5-dev-3618-g7f6e7f4506[0m
[0;32mI (204) efuse_init: Min chip rev:     v0.0[0m
[0;32mI (208) efuse_init: Max chip rev:     v3.99 [0m
[0;32mI (212) efuse_init: Chip rev:         v3.0[0m
[0;32mI (216) heap_init: Initializing. RAM available for dynamic allocation:[0m
[0;32mI (223) heap_init: At 3FFAE6E0 len 00001920 (6 KiB): DRAM[0m
[0;32mI (228) heap_init: At 3FFB29E0 len 0002D620 (181 KiB): DRAM[0m
[0;32mI (233) heap_init: At 3FFE0440 len 00003AE0 (14 KiB): D/IRAM[0m
[0;32mI (238) heap_init: At 3FFE4350 len 0001BCB0 (111 KiB): D/IRAM[0m
[0;32mI (244) heap_init: At 4008CA00 len 00013600 (77 KiB): IRAM[0m
[0;32mI (250) spi_flash: detected chip: generic[0m
[0;32mI (253) spi_flash: flash io: dio[0m
[0;33mW (256) spi_flash: Detected size(4096k) larger than the size in the binary image header(2048k). Using the size in the binary image header.[0m
[0;32mI (268) main_task: Started on CPU0[0m
[0;32mI (278) main_task: Calling app_main()[0m
Hello world!
This is esp32 chip with 2 CPU core(s), WiFi/BTBLE, silicon revision v3.0, 2MB external flash
Minimum free heap size: 306184 bytes
Restarting in 10 seconds...
Restarting in 9 seconds...
Restarting in 8 seconds...
Restarting in 7 seconds...
Restarting in 6 seconds...
Restarting in 5 seconds...
Restarting in 4 seconds...
Restarting in 3 seconds...
Restarting in 2 seconds...
Restarting in 1 seconds...
Restarting in 0 seconds...
Restarting now.
ets Jul 29 2019 12:21:46

rst:0xc (SW_CPU_RESET),boot:0x13 (SPI_FAST_FLASH_BOOT)
configsip: 0, SPIWP:0xee
clk_drv:0x00,q_drv:0x00,d_drv:0x00,cs0_drv:0x00,hd_drv:0x00,wp_drv:0x00
mode:DIO, clock div:2
load:0x3fff0030,len:6380
ho 0 tail 12 room 4
load:0x40078000,len:15904
load:0x40080400,len:3860
entry 0x40080638
[0;32mI (29) boot: ESP-IDF v5.5-dev-3618-g7f6e7f4506 2nd stage bootloader[0m
[0;32mI (29) boot: compile time May 15 2025 22:15:59[0m
[0;32mI (29) boot: Multicore bootloader[0m
[0;32mI (32) boot: chip revision: v3.0[0m
[0;32mI (35) boot.esp32: SPI Speed      : 40MHz[0m
[0;32mI (39) boot.esp32: SPI Mode       : DIO[0m
[0;32mI (42) boot.esp32: SPI Flash Size : 2MB[0m
[0;32mI (46) boot: Enabling RNG early entropy source...[0m
[0;32mI (50) boot: Partition Table:[0m
[0;32mI (53) boot: ## Label            Usage          Type ST Offset   Length[0m
[0;32mI (59) boot:  0 nvs              WiFi data        01 02 00009000 00006000[0m
[0;32mI (66) boot:  1 phy_init         RF data          01 01 0000f000 00001000[0m
[0;32mI (72) boot:  2 factory          factory app      00 00 00010000 00100000[0m
[0;32mI (79) boot: End of partition table[0m
[0;32mI (82) esp_image: segment 0: paddr=00010020 vaddr=3f400020 size=07600h ( 30208) map[0m
[0;32mI (100) esp_image: segment 1: paddr=00017628 vaddr=3ff80000 size=00020h (    32) load[0m
[0;32mI (100) esp_image: segment 2: paddr=00017650 vaddr=3ffb0000 size=02174h (  8564) load[0m
[0;32mI (108) esp_image: segment 3: paddr=000197cc vaddr=40080000 size=0684ch ( 26700) load[0m
[0;32mI (122) esp_image: segment 4: paddr=00020020 vaddr=400d0020 size=0fbbch ( 64444) map[0m
[0;32mI (145) esp_image: segment 5: paddr=0002fbe4 vaddr=4008684c size=061b4h ( 25012) load[0m
[0;32mI (161) boot: Loaded app from partition at offset 0x10000[0m
[0;32mI (161) boot: Disabling RNG early entropy source...[0m
[0;32mI (171) cpu_start: Multicore app[0m
[0;32mI (180) cpu_start: Pro cpu start user code[0m
[0;32mI (180) cpu_start: cpu freq: 160000000 Hz[0m
[0;32mI (180) app_init: Application information:[0m
[0;32mI (180) app_init: Project name:     hello_world[0m
[0;32mI (184) app_init: App version:      v5.5-dev-3618-g7f6e7f4506[0m
[0;32mI (190) app_init: Compile time:     May 15 2025 22:15:54[0m
[0;32mI (195) app_init: ELF file SHA256:  93e0760a1...[0m
[0;32mI (199) app_init: ESP-IDF:          v5.5-dev-3618-g7f6e7f4506[0m
[0;32mI (204) efuse_init: Min chip rev:     v0.0[0m
[0;32mI (208) efuse_init: Max chip rev:     v3.99 [0m
[0;32mI (212) efuse_init: Chip rev:         v3.0[0m
[0;32mI (216) heap_init: Initializing. RAM available for dynamic allocation:[0m
[0;32mI (223) heap_init: At 3FFAE6E0 len 00001920 (6 KiB): DRAM[0m
[0;32mI (228) heap_init: At 3FFB29E0 len 0002D620 (181 KiB): DRAM[0m
[0;32mI (233) heap_init: At 3FFE0440 len 00003AE0 (14 KiB): D/IRAM[0m
[0;32mI (238) heap_init: At 3FFE4350 len 0001BCB0 (111 KiB): D/IRAM[0m
[0;32mI (244) heap_init: At 4008CA00 len 00013600 (77 KiB): IRAM[0m
[0;32mI (250) spi_flash: detected chip: generic[0m
[0;32mI (253) spi_flash: flash io: dio[0m
[0;33mW (256) spi_flash: Detected size(4096k) larger than the size in the binary image header(2048k). Using the size in the binary image header.[0m
[0;32mI (268) main_task: Started on CPU0[0m
[0;32mI (278) main_task: Calling app_main()[0m
Hello world!
This is esp32 chip with 2 CPU core(s), WiFi/BTBLE, silicon revision v3.0, 2MB external flash
Minimum free heap size: 306184 bytes
Restarting in 10 seconds...
Restarting in 9 seconds...
Restarting in 8 seconds...
Restarting in 7 seconds...
Restarting in 6 seconds...
Restarting in 5 seconds...
Restarting in 4 seconds...
Restarting in 3 seconds...
Restarting in 2 seconds...
Restarting in 1 seconds...
Restarting in 0 seconds...
Restarting now.
ets Jul 29 2019 12:21:46

rst:0xc (SW_CPU_RESET),boot:0x13 (SPI_FAST_FLASH_BOOT)
configsip: 0, SPIWP:0xee
clk_drv:0x00,q_drv:0x00,d_drv:0x00,cs0_drv:0x00,hd_drv:0x00,wp_drv:0x00
mode:DIO, clock div:2
load:0x3fff0030,len:6380
ho 0 tail 12 room 4
load:0x40078000,len:15904
load:0x40080400,len:3860
entry 0x40080638
[0;32mI (29) boot: ESP-IDF v5.5-dev-3618-g7f6e7f4506 2nd stage bootloader[0m
[0;32mI (29) boot: compile time May 15 2025 22:15:59[0m
[0;32mI (29) boot: Multicore bootloader[0m
[0;32mI (32) boot: chip revision: v3.0[0m
[0;32mI (35) boot.esp32: SPI Speed      : 40MHz[0m
[0;32mI (39) boot.esp32: SPI Mode       : DIO[0m
[0;32mI (42) boot.esp32: SPI Flash Size : 2MB[0m
[0;32mI (46) boot: Enabling RNG early entropy source...[0m
[0;32mI (50) boot: Partition Table:[0m
[0;32mI (53) boot: ## Label            Usage          Type ST Offset   Length[0m
[0;32mI (59) boot:  0 nvs              WiFi data        01 02 00009000 00006000[0m
[0;32mI (66) boot:  1 phy_init         RF data          01 01 0000f000 00001000[0m
[0;32mI (72) boot:  2 factory          factory app      00 00 00010000 00100000[0m
[0;32mI (79) boot: End of partition table[0m
[0;32mI (82) esp_image: segment 0: paddr=00010020 vaddr=3f400020 size=07600h ( 30208) map[0m
[0;32mI (100) esp_image: segment 1: paddr=00017628 vaddr=3ff80000 size=00020h (    32) load[0m
[0;32mI (100) esp_image: segment 2: paddr=00017650 vaddr=3ffb0000 size=02174h (  8564) load[0m
[0;32mI (108) esp_image: segment 3: paddr=000197cc vaddr=40080000 size=0684ch ( 26700) load[0m
[0;32mI (122) esp_image: segment 4: paddr=00020020 vaddr=400d0020 size=0fbbch ( 64444) map[0m
[0;32mI (145) esp_image: segment 5: paddr=0002fbe4 vaddr=4008684c size=061b4h ( 25012) load[0m
[0;32mI (161) boot: Loaded app from partition at offset 0x10000[0m
[0;32mI (161) boot: Disabling RNG early entropy source...[0m
[0;32mI (171) cpu_start: Multicore app[0m
[0;32mI (180) cpu_start: Pro cpu start user code[0m
[0;32mI (180) cpu_start: cpu freq: 160000000 Hz[0m
[0;32mI (180) app_init: Application information:[0m
[0;32mI (180) app_init: Project name:     hello_world[0m
[0;32mI (184) app_init: App version:      v5.5-dev-3618-g7f6e7f4506[0m
[0;32mI (190) app_init: Compile time:     May 15 2025 22:15:54[0m
[0;32mI (195) app_init: ELF file SHA256:  93e0760a1...[0m
[0;32mI (199) app_init: ESP-IDF:          v5.5-dev-3618-g7f6e7f4506[0m
[0;32mI (204) efuse_init: Min chip rev:     v0.0[0m
[0;32mI (208) efuse_init: Max chip rev:     v3.99 [0m
[0;32mI (212) efuse_init: Chip rev:         v3.0[0m
[0;32mI (216) heap_init: Initializing. RAM available for dynamic allocation:[0m
[0;32mI (223) heap_init: At 3FFAE6E0 len 00001920 (6 KiB): DRAM[0m
[0;32mI (228) heap_init: At 3FFB29E0 len 0002D620 (181 KiB): DRAM[0m
[0;32mI (233) heap_init: At 3FFE0440 len 00003AE0 (14 KiB): D/IRAM[0m
[0;32mI (238) heap_init: At 3FFE4350 len 0001BCB0 (111 KiB): D/IRAM[0m
[0;32mI (244) heap_init: At 4008CA00 len 00013600 (77 KiB): IRAM[0m
[0;32mI (250) spi_flash: detected chip: generic[0m
[0;32mI (253) spi_flash: flash io: dio[0m
[0;33mW (256) spi_flash: Detected size(4096k) larger than the size in the binary image header(2048k). Using the size in the binary image header.[0m
[0;32mI (268) main_task: Started on CPU0[0m
[0;32mI (278) main_task: Calling app_main()[0m
Hello world!
This is esp32 chip with 2 CPU core(s), WiFi/BTBLE, silicon revision v3.0, 2MB external flash
Minimum free heap size: 306184 bytes
Restarting in 10 seconds...
Restarting in 9 seconds...
Restarting in 8 seconds...
Restarting in 7 seconds...
Restarting in 6 seconds...
Restarting in 5 seconds...
Restarting in 4 seconds...
Restarting in 3 seconds...
Restarting in 2 seconds...
Restarting in 1 seconds...
Restarting in 0 seconds...
Restarting now.
ets Jul 29 2019 12:21:46

rst:0xc (SW_CPU_RESET),boot:0x13 (SPI_FAST_FLASH_BOOT)
configsip: 0, SPIWP:0xee
clk_drv:0x00,q_drv:0x00,d_drv:0x00,cs0_drv:0x00,hd_drv:0x00,wp_drv:0x00
mode:DIO, clock div:2
load:0x3fff0030,len:6380
ho 0 tail 12 room 4
load:0x40078000,len:15904
load:0x40080400,len:3860
entry 0x40080638
[0;32mI (29) boot: ESP-IDF v5.5-dev-3618-g7f6e7f4506 2nd stage bootloader[0m
[0;32mI (29) boot: compile time May 15 2025 22:15:59[0m
[0;32mI (29) boot: Multicore bootloader[0m
[0;32mI (32) boot: chip revision: v3.0[0m
[0;32mI (35) boot.esp32: SPI Speed      : 40MHz[0m
[0;32mI (39) boot.esp32: SPI Mode       : DIO[0m
[0;32mI (42) boot.esp32: SPI Flash Size : 2MB[0m
[0;32mI (46) boot: Enabling RNG early entropy source...[0m
[0;32mI (50) boot: Partition Table:[0m
[0;32mI (53) boot: ## Label            Usage          Type ST Offset   Length[0m
[0;32mI (59) boot:  0 nvs              WiFi data        01 02 00009000 00006000[0m
[0;32mI (66) boot:  1 phy_init         RF data          01 01 0000f000 00001000[0m
[0;32mI (72) boot:  2 factory          factory app      00 00 00010000 00100000[0m
[0;32mI (79) boot: End of partition table[0m
[0;32mI (82) esp_image: segment 0: paddr=00010020 vaddr=3f400020 size=07600h ( 30208) map[0m
[0;32mI (100) esp_image: segment 1: paddr=00017628 vaddr=3ff80000 size=00020h (    32) load[0m
[0;32mI (100) esp_image: segment 2: paddr=00017650 vaddr=3ffb0000 size=02174h (  8564) load[0m
[0;32mI (108) esp_image: segment 3: paddr=000197cc vaddr=40080000 size=0684ch ( 26700) load[0m
[0;32mI (122) esp_image: segment 4: paddr=00020020 vaddr=400d0020 size=0fbbch ( 64444) map[0m
[0;32mI (145) esp_image: segment 5: paddr=0002fbe4 vaddr=4008684c size=061b4h ( 25012) load[0m
[0;32mI (161) boot: Loaded app from partition at offset 0x10000[0m
[0;32mI (161) boot: Disabling RNG early entropy source...[0m
[0;32mI (171) cpu_start: Multicore app[0m
[0;32mI (180) cpu_start: Pro cpu start user code[0m
[0;32mI (180) cpu_start: cpu freq: 160000000 Hz[0m
[0;32mI (180) app_init: Application information:[0m
[0;32mI (180) app_init: Project name:     hello_world[0m
[0;32mI (184) app_init: App version:      v5.5-dev-3618-g7f6e7f4506[0m
[0;32mI (190) app_init: Compile time:     May 15 2025 22:15:54[0m
[0;32mI (195) app_init: ELF file SHA256:  93e0760a1...[0m
[0;32mI (199) app_init: ESP-IDF:          v5.5-dev-3618-g7f6e7f4506[0m
[0;32mI (204) efuse_init: Min chip rev:     v0.0[0m
[0;32mI (208) efuse_init: Max chip rev:     v3.99 [0m
[0;32mI (212) efuse_init: Chip rev:         v3.0[0m
[0;32mI (216) heap_init: Initializing. RAM available for dynamic allocation:[0m
[0;32mI (223) heap_init: At 3FFAE6E0 len 00001920 (6 KiB): DRAM[0m
[0;32mI (228) heap_init: At 3FFB29E0 len 0002D620 (181 KiB): DRAM[0m
[0;32mI (233) heap_init: At 3FFE0440 len 00003AE0 (14 KiB): D/IRAM[0m
[0;32mI (238) heap_init: At 3FFE4350 len 0001BCB0 (111 KiB): D/IRAM[0m
[0;32mI (244) heap_init: At 4008CA00 len 00013600 (77 KiB): IRAM[0m
[0;32mI (250) spi_flash: detected chip: generic[0m
[0;32mI (253) spi_flash: flash io: dio[0m
[0;33mW (256) spi_flash: Detected size(4096k) larger than the size in the binary image header(2048k). Using the size in the binary image header.[0m
[0;32mI (268) main_task: Started on CPU0[0m
[0;32mI (278) main_task: Calling app_main()[0m
Hello world!
This is esp32 chip with 2 CPU core(s), WiFi/BTBLE, silicon revision v3.0, 2MB external flash
Minimum free heap size: 306184 bytes
Restarting in 10 seconds...
Restarting in 9 seconds...
Restarting in 8 seconds...
Restarting in 7 seconds...
Restarting in 6 seconds...
Restarting in 5 seconds...
Restarting in 4 seconds...
Restarting in 3 seconds...
Restarting in 2 seconds...
Restarting in 1 seconds...
Restarting in 0 seconds...
Restarting now.
ets Jul 29 2019 12:21:46

rst:0xc (SW_CPU_RESET),boot:0x13 (SPI_FAST_FLASH_BOOT)
configsip: 0, SPIWP:0xee
clk_drv:0x00,q_drv:0x00,d_drv:0x00,cs0_drv:0x00,hd_drv:0x00,wp_drv:0x00
mode:DIO, clock div:2
load:0x3fff0030,len:6380
ho 0 tail 12 room 4
load:0x40078000,len:15904
load:0x40080400,len:3860
entry 0x40080638
[0;32mI (29) boot: ESP-IDF v5.5-dev-3618-g7f6e7f4506 2nd stage bootloader[0m
[0;32mI (29) boot: compile time May 15 2025 22:15:59[0m
[0;32mI (29) boot: Multicore bootloader[0m
[0;32mI (32) boot: chip revision: v3.0[0m
[0;32mI (35) boot.esp32: SPI Speed      : 40MHz[0m
[0;32mI (39) boot.esp32: SPI Mode       : DIO[0m
[0;32mI (42) boot.esp32: SPI Flash Size : 2MB[0m
[0;32mI (46) boot: Enabling RNG early entropy source...[0m
[0;32mI (50) boot: Partition Table:[0m
[0;32mI (53) boot: ## Label            Usage          Type ST Offset   Length[0m
[0;32mI (59) boot:  0 nvs              WiFi data        01 02 00009000 00006000[0m
[0;32mI (66) boot:  1 phy_init         RF data          01 01 0000f000 00001000[0m
[0;32mI (72) boot:  2 factory          factory app      00 00 00010000 00100000[0m
[0;32mI (79) boot: End of partition table[0m
[0;32mI (82) esp_image: segment 0: paddr=00010020 vaddr=3f400020 size=07600h ( 30208) map[0m
[0;32mI (100) esp_image: segment 1: paddr=00017628 vaddr=3ff80000 size=00020h (    32) load[0m
[0;32mI (100) esp_image: segment 2: paddr=00017650 vaddr=3ffb0000 size=02174h (  8564) load[0m
[0;32mI (108) esp_image: segment 3: paddr=000197cc vaddr=40080000 size=0684ch ( 26700) load[0m
[0;32mI (122) esp_image: segment 4: paddr=00020020 vaddr=400d0020 size=0fbbch ( 64444) map[0m
[0;32mI (145) esp_image: segment 5: paddr=0002fbe4 vaddr=4008684c size=061b4h ( 25012) load[0m
[0;32mI (161) boot: Loaded app from partition at offset 0x10000[0m
[0;32mI (161) boot: Disabling RNG early entropy source...[0m
[0;32mI (171) cpu_start: Multicore app[0m
[0;32mI (180) cpu_start: Pro cpu start user code[0m
[0;32mI (180) cpu_start: cpu freq: 160000000 Hz[0m
[0;32mI (180) app_init: Application information:[0m
[0;32mI (180) app_init: Project name:     hello_world[0m
[0;32mI (184) app_init: App version:      v5.5-dev-3618-g7f6e7f4506[0m
[0;32mI (190) app_init: Compile time:     May 15 2025 22:15:54[0m
[0;32mI (195) app_init: ELF file SHA256:  93e0760a1...[0m
[0;32mI (199) app_init: ESP-IDF:          v5.5-dev-3618-g7f6e7f4506[0m
[0;32mI (204) efuse_init: Min chip rev:     v0.0[0m
[0;32mI (208) efuse_init: Max chip rev:     v3.99 [0m
[0;32mI (212) efuse_init: Chip rev:         v3.0[0m
[0;32mI (216) heap_init: Initializing. RAM available for dynamic allocation:[0m
[0;32mI (223) heap_init: At 3FFAE6E0 len 00001920 (6 KiB): DRAM[0m
[0;32mI (228) heap_init: At 3FFB29E0 len 0002D620 (181 KiB): DRAM[0m
[0;32mI (233) heap_init: At 3FFE0440 len 00003AE0 (14 KiB): D/IRAM[0m
[0;32mI (238) heap_init: At 3FFE4350 len 0001BCB0 (111 KiB): D/IRAM[0m
[0;32mI (244) heap_init: At 4008CA00 len 00013600 (77 KiB): IRAM[0m
[0;32mI (250) spi_flash: detected chip: generic[0m
[0;32mI (253) spi_flash: flash io: dio[0m
[0;33mW (256) spi_flash: Detected size(4096k) larger than the size in the binary image header(2048k). Using the size in the binary image header.[0m
[0;32mI (268) main_task: Started on CPU0[0m
[0;32mI (278) main_task: Calling app_main()[0m
Hello world!
This is esp32 chip with 2 CPU core(s), WiFi/BTBLE, silicon revision v3.0, 2MB external flash
Minimum free heap size: 306184 bytes
Restarting in 10 seconds...
Restarting in 9 seconds...
Restarting in 8 seconds...
Restarting in 7 seconds...
Restarting in 6 seconds...
Restarting in 5 seconds...
Restarting in 4 seconds...
Restarting in 3 seconds...
Restarting in 2 seconds...
Restarting in 1 seconds...
Restarting in 0 seconds...
Restarting now.
ets Jul 29 2019 12:21:46

rst:0xc (SW_CPU_RESET),boot:0x13 (SPI_FAST_FLASH_BOOT)
configsip: 0, SPIWP:0xee
clk_drv:0x00,q_drv:0x00,d_drv:0x00,cs0_drv:0x00,hd_drv:0x00,wp_drv:0x00
mode:DIO, clock div:2
load:0x3fff0030,len:6380
ho 0 tail 12 room 4
load:0x40078000,len:15904
load:0x40080400,len:3860
entry 0x40080638
[0;32mI (29) boot: ESP-IDF v5.5-dev-3618-g7f6e7f4506 2nd stage bootloader[0m
[0;32mI (29) boot: compile time May 15 2025 22:15:59[0m
[0;32mI (29) boot: Multicore bootloader[0m
[0;32mI (32) boot: chip revision: v3.0[0m
[0;32mI (35) boot.esp32: SPI Speed      : 40MHz[0m
[0;32mI (39) boot.esp32: SPI Mode       : DIO[0m
[0;32mI (42) boot.esp32: SPI Flash Size : 2MB[0m
[0;32mI (46) boot: Enabling RNG early entropy source...[0m
[0;32mI (50) boot: Partition Table:[0m
[0;32mI (53) boot: ## Label            Usage          Type ST Offset   Length[0m
[0;32mI (59) boot:  0 nvs              WiFi data        01 02 00009000 00006000[0m
[0;32mI (66) boot:  1 phy_init         RF data          01 01 0000f000 00001000[0m
[0;32mI (72) boot:  2 factory          factory app      00 00 00010000 00100000[0m
[0;32mI (79) boot: End of partition table[0m
[0;32mI (82) esp_image: segment 0: paddr=00010020 vaddr=3f400020 size=07600h ( 30208) map[0m
[0;32mI (100) esp_image: segment 1: paddr=00017628 vaddr=3ff80000 size=00020h (    32) load[0m
[0;32mI (100) esp_image: segment 2: paddr=00017650 vaddr=3ffb0000 size=02174h (  8564) load[0m
[0;32mI (108) esp_image: segment 3: paddr=000197cc vaddr=40080000 size=0684ch ( 26700) load[0m
[0;32mI (122) esp_image: segment 4: paddr=00020020 vaddr=400d0020 size=0fbbch ( 64444) map[0m
[0;32mI (145) esp_image: segment 5: paddr=0002fbe4 vaddr=4008684c size=061b4h ( 25012) load[0m
[0;32mI (161) boot: Loaded app from partition at offset 0x10000[0m
[0;32mI (161) boot: Disabling RNG early entropy source...[0m
[0;32mI (171) cpu_start: Multicore app[0m
[0;32mI (180) cpu_start: Pro cpu start user code[0m
[0;32mI (180) cpu_start: cpu freq: 160000000 Hz[0m
[0;32mI (180) app_init: Application information:[0m
[0;32mI (180) app_init: Project name:     hello_world[0m
[0;32mI (184) app_init: App version:      v5.5-dev-3618-g7f6e7f4506[0m
[0;32mI (190) app_init: Compile time:     May 15 2025 22:15:54[0m
[0;32mI (195) app_init: ELF file SHA256:  93e0760a1...[0m
[0;32mI (199) app_init: ESP-IDF:          v5.5-dev-3618-g7f6e7f4506[0m
[0;32mI (204) efuse_init: Min chip rev:     v0.0[0m
[0;32mI (208) efuse_init: Max chip rev:     v3.99 [0m
[0;32mI (212) efuse_init: Chip rev:         v3.0[0m
[0;32mI (216) heap_init: Initializing. RAM available for dynamic allocation:[0m
[0;32mI (223) heap_init: At 3FFAE6E0 len 00001920 (6 KiB): DRAM[0m
[0;32mI (228) heap_init: At 3FFB29E0 len 0002D620 (181 KiB): DRAM[0m
[0;32mI (233) heap_init: At 3FFE0440 len 00003AE0 (14 KiB): D/IRAM[0m
[0;32mI (238) heap_init: At 3FFE4350 len 0001BCB0 (111 KiB): D/IRAM[0m
[0;32mI (244) heap_init: At 4008CA00 len 00013600 (77 KiB): IRAM[0m
[0;32mI (250) spi_flash: detected chip: generic[0m
[0;32mI (253) spi_flash: flash io: dio[0m
[0;33mW (256) spi_flash: Detected size(4096k) larger than the size in the binary image header(2048k). Using the size in the binary image header.[0m
[0;32mI (268) main_task: Started on CPU0[0m
[0;32mI (278) main_task: Calling app_main()[0m
Hello world!
This is esp32 chip with 2 CPU core(s), WiFi/BTBLE, silicon revision v3.0, 2MB external flash
Minimum free heap size: 306184 bytes
Restarting in 10 seconds...
Restarting in 9 seconds...
Restarting in 8 seconds...
Restarting in 7 seconds...
Restarting in 6 seconds...
Restarting in 5 seconds...
Restarting in 4 seconds...
Restarting in 3 seconds...
Restarting in 2 seconds...
Restarting in 1 seconds...
Restarting in 0 seconds...
Restarting now.
ets Jul 29 2019 12:21:46

rst:0xc (SW_CPU_RESET),boot:0x13 (SPI_FAST_FLASH_BOOT)
configsip: 0, SPIWP:0xee
clk_drv:0x00,q_drv:0x00,d_drv:0x00,cs0_drv:0x00,hd_drv:0x00,wp_drv:0x00
mode:DIO, clock div:2
load:0x3fff0030,len:6380
ho 0 tail 12 room 4
load:0x40078000,len:15904
load:0x40080400,len:3860
entry 0x40080638
[0;32mI (29) boot: ESP-IDF v5.5-dev-3618-g7f6e7f4506 2nd stage bootloader[0m
[0;32mI (29) boot: compile time May 15 2025 22:15:59[0m
[0;32mI (29) boot: Multicore bootloader[0m
[0;32mI (32) boot: chip revision: v3.0[0m
[0;32mI (35) boot.esp32: SPI Speed      : 40MHz[0m
[0;32mI (39) boot.esp32: SPI Mode       : DIO[0m
[0;32mI (42) boot.esp32: SPI Flash Size : 2MB[0m
[0;32mI (46) boot: Enabling RNG early entropy source...[0m
[0;32mI (50) boot: Partition Table:[0m
[0;32mI (53) boot: ## Label            Usage          Type ST Offset   Length[0m
[0;32mI (59) boot:  0 nvs              WiFi data        01 02 00009000 00006000[0m
[0;32mI (66) boot:  1 phy_init         RF data          01 01 0000f000 00001000[0m
[0;32mI (72) boot:  2 factory          factory app      00 00 00010000 00100000[0m
[0;32mI (79) boot: End of partition table[0m
[0;32mI (82) esp_image: segment 0: paddr=00010020 vaddr=3f400020 size=07600h ( 30208) map[0m
[0;32mI (100) esp_image: segment 1: paddr=00017628 vaddr=3ff80000 size=00020h (    32) load[0m
[0;32mI (100) esp_image: segment 2: paddr=00017650 vaddr=3ffb0000 size=02174h (  8564) load[0m
[0;32mI (108) esp_image: segment 3: paddr=000197cc vaddr=40080000 size=0684ch ( 26700) load[0m
[0;32mI (122) esp_image: segment 4: paddr=00020020 vaddr=400d0020 size=0fbbch ( 64444) map[0m
[0;32mI (145) esp_image: segment 5: paddr=0002fbe4 vaddr=4008684c size=061b4h ( 25012) load[0m
[0;32mI (161) boot: Loaded app from partition at offset 0x10000[0m
[0;32mI (161) boot: Disabling RNG early entropy source...[0m
[0;32mI (171) cpu_start: Multicore app[0m
[0;32mI (180) cpu_start: Pro cpu start user code[0m
[0;32mI (180) cpu_start: cpu freq: 160000000 Hz[0m
[0;32mI (180) app_init: Application information:[0m
[0;32mI (180) app_init: Project name:     hello_world[0m
[0;32mI (184) app_init: App version:      v5.5-dev-3618-g7f6e7f4506[0m
[0;32mI (190) app_init: Compile time:     May 15 2025 22:15:54[0m
[0;32mI (195) app_init: ELF file SHA256:  93e0760a1...[0m
[0;32mI (199) app_init: ESP-IDF:          v5.5-dev-3618-g7f6e7f4506[0m
[0;32mI (204) efuse_init: Min chip rev:     v0.0[0m
[0;32mI (208) efuse_init: Max chip rev:     v3.99 [0m
[0;32mI (212) efuse_init: Chip rev:         v3.0[0m
[0;32mI (216) heap_init: Initializing. RAM available for dynamic allocation:[0m
[0;32mI (223) heap_init: At 3FFAE6E0 len 00001920 (6 KiB): DRAM[0m
[0;32mI (228) heap_init: At 3FFB29E0 len 0002D620 (181 KiB): DRAM[0m
[0;32mI (233) heap_init: At 3FFE0440 len 00003AE0 (14 KiB): D/IRAM[0m
[0;32mI (238) heap_init: At 3FFE4350 len 0001BCB0 (111 KiB): D/IRAM[0m
[0;32mI (244) heap_init: At 4008CA00 len 00013600 (77 KiB): IRAM[0m
[0;32mI (250) spi_flash: detected chip: generic[0m
[0;32mI (253) spi_flash: flash io: dio[0m
[0;33mW (256) spi_flash: Detected size(4096k) larger than the size in the binary image header(2048k). Using the size in the binary image header.[0m
[0;32mI (268) main_task: Started on CPU0[0m
[0;32mI (278) main_task: Calling app_main()[0m
Hello world!
This is esp32 chip with 2 CPU core(s), WiFi/BTBLE, silicon revision v3.0, 2MB external flash
Minimum free heap size: 306184 bytes
Restarting in 10 seconds...
Restarting in 9 seconds...
Restarting in 8 seconds...
Restarting in 7 seconds...
Restarting in 6 seconds...
Restarting in 5 seconds...
Restarting in 4 seconds...
Restarting in 3 seconds...
Restarting in 2 seconds...
Restarting in 1 seconds...
Restarting in 0 seconds...
Restarting now.
ets Jul 29 2019 12:21:46

rst:0xc (SW_CPU_RESET),boot:0x13 (SPI_FAST_FLASH_BOOT)
configsip: 0, SPIWP:0xee
clk_drv:0x00,q_drv:0x00,d_drv:0x00,cs0_drv:0x00,hd_drv:0x00,wp_drv:0x00
mode:DIO, clock div:2
load:0x3fff0030,len:6380
ho 0 tail 12 room 4
load:0x40078000,len:15904
load:0x40080400,len:3860
entry 0x40080638
[0;32mI (29) boot: ESP-IDF v5.5-dev-3618-g7f6e7f4506 2nd stage bootloader[0m
[0;32mI (29) boot: compile time May 15 2025 22:15:59[0m
[0;32mI (29) boot: Multicore bootloader[0m
[0;32mI (32) boot: chip revision: v3.0[0m
[0;32mI (35) boot.esp32: SPI Speed      : 40MHz[0m
[0;32mI (39) boot.esp32: SPI Mode       : DIO[0m
[0;32mI (42) boot.esp32: SPI Flash Size : 2MB[0m
[0;32mI (46) boot: Enabling RNG early entropy source...[0m
[0;32mI (50) boot: Partition Table:[0m
[0;32mI (53) boot: ## Label            Usage          Type ST Offset   Length[0m
[0;32mI (59) boot:  0 nvs              WiFi data        01 02 00009000 00006000[0m
[0;32mI (66) boot:  1 phy_init         RF data          01 01 0000f000 00001000[0m
[0;32mI (72) boot:  2 factory          factory app      00 00 00010000 00100000[0m
[0;32mI (79) boot: End of partition table[0m
[0;32mI (82) esp_image: segment 0: paddr=00010020 vaddr=3f400020 size=07600h ( 30208) map[0m
[0;32mI (100) esp_image: segment 1: paddr=00017628 vaddr=3ff80000 size=00020h (    32) load[0m
[0;32mI (100) esp_image: segment 2: paddr=00017650 vaddr=3ffb0000 size=02174h (  8564) load[0m
[0;32mI (108) esp_image: segment 3: paddr=000197cc vaddr=40080000 size=0684ch ( 26700) load[0m
[0;32mI (122) esp_image: segment 4: paddr=00020020 vaddr=400d0020 size=0fbbch ( 64444) map[0m
[0;32mI (145) esp_image: segment 5: paddr=0002fbe4 vaddr=4008684c size=061b4h ( 25012) load[0m
[0;32mI (161) boot: Loaded app from partition at offset 0x10000[0m
[0;32mI (161) boot: Disabling RNG early entropy source...[0m
[0;32mI (171) cpu_start: Multicore app[0m
[0;32mI (180) cpu_start: Pro cpu start user code[0m
[0;32mI (180) cpu_start: cpu freq: 160000000 Hz[0m
[0;32mI (180) app_init: Application information:[0m
[0;32mI (180) app_init: Project name:     hello_world[0m
[0;32mI (184) app_init: App version:      v5.5-dev-3618-g7f6e7f4506[0m
[0;32mI (190) app_init: Compile time:     May 15 2025 22:15:54[0m
[0;32mI (195) app_init: ELF file SHA256:  93e0760a1...[0m
[0;32mI (199) app_init: ESP-IDF:          v5.5-dev-3618-g7f6e7f4506[0m
[0;32mI (205) efuse_init: Min chip rev:     v0.0[0m
[0;32mI (208) efuse_init: Max chip rev:     v3.99 [0m
[0;32mI (212) efuse_init: Chip rev:         v3.0[0m
[0;32mI (216) heap_init: Initializing. RAM available for dynamic allocation:[0m
[0;32mI (223) heap_init: At 3FFAE6E0 len 00001920 (6 KiB): DRAM[0m
[0;32mI (228) heap_init: At 3FFB29E0 len 0002D620 (181 KiB): DRAM[0m
[0;32mI (233) heap_init: At 3FFE0440 len 00003AE0 (14 KiB): D/IRAM[0m
[0;32mI (238) heap_init: At 3FFE4350 len 0001BCB0 (111 KiB): D/IRAM[0m
[0;32mI (244) heap_init: At 4008CA00 len 00013600 (77 KiB): IRAM[0m
[0;32mI (250) spi_flash: detected chip: generic[0m
[0;32mI (253) spi_flash: flash io: dio[0m
[0;33mW (256) spi_flash: Detected size(4096k) larger than the size in the binary image header(2048k). Using the size in the binary image header.[0m
[0;32mI (268) main_task: Started on CPU0[0m
[0;32mI (278) main_task: Calling app_main()[0m
Hello world!
This is esp32 chip with 2 CPU core(s), WiFi/BTBLE, silicon revision v3.0, 2MB external flash
Minimum free heap size: 306184 bytes
Restarting in 10 seconds...
Restarting in 9 seconds...
Restarting in 8 seconds...
Restarting in 7 seconds...
Restarting in 6 seconds...
Restarting in 5 seconds...
Restarting in 4 seconds...
Restarting in 3 seconds...
Restarting in 2 seconds...
Restarting in 1 seconds...
Restarting in 0 seconds...
Restarting now.
ets Jul 29 2019 12:21:46

rst:0xc (SW_CPU_RESET),boot:0x13 (SPI_FAST_FLASH_BOOT)
configsip: 0, SPIWP:0xee
clk_drv:0x00,q_drv:0x00,d_drv:0x00,cs0_drv:0x00,hd_drv:0x00,wp_drv:0x00
mode:DIO, clock div:2
load:0x3fff0030,len:6380
ho 0 tail 12 room 4
load:0x40078000,len:15904
load:0x40080400,len:3860
entry 0x40080638
[0;32mI (29) boot: ESP-IDF v5.5-dev-3618-g7f6e7f4506 2nd stage bootloader[0m
[0;32mI (29) boot: compile time May 15 2025 22:15:59[0m
[0;32mI (29) boot: Multicore bootloader[0m
[0;32mI (32) boot: chip revision: v3.0[0m
[0;32mI (35) boot.esp32: SPI Speed      : 40MHz[0m
[0;32mI (39) boot.esp32: SPI Mode       : DIO[0m
[0;32mI (42) boot.esp32: SPI Flash Size : 2MB[0m
[0;32mI (46) boot: Enabling RNG early entropy source...[0m
[0;32mI (50) boot: Partition Table:[0m
[0;32mI (53) boot: ## Label            Usage          Type ST Offset   Length[0m
[0;32mI (59) boot:  0 nvs              WiFi data        01 02 00009000 00006000[0m
[0;32mI (66) boot:  1 phy_init         RF data          01 01 0000f000 00001000[0m
[0;32mI (72) boot:  2 factory          factory app      00 00 00010000 00100000[0m
[0;32mI (79) boot: End of partition table[0m
[0;32mI (82) esp_image: segment 0: paddr=00010020 vaddr=3f400020 size=07600h ( 30208) map[0m
[0;32mI (100) esp_image: segment 1: paddr=00017628 vaddr=3ff80000 size=00020h (    32) load[0m
[0;32mI (100) esp_image: segment 2: paddr=00017650 vaddr=3ffb0000 size=02174h (  8564) load[0m
[0;32mI (108) esp_image: segment 3: paddr=000197cc vaddr=40080000 size=0684ch ( 26700) load[0m
[0;32mI (122) esp_image: segment 4: paddr=00020020 vaddr=400d0020 size=0fbbch ( 64444) map[0m
[0;32mI (145) esp_image: segment 5: paddr=0002fbe4 vaddr=4008684c size=061b4h ( 25012) load[0m
[0;32mI (161) boot: Loaded app from partition at offset 0x10000[0m
[0;32mI (161) boot: Disabling RNG early entropy source...[0m
[0;32mI (171) cpu_start: Multicore app[0m
[0;32mI (180) cpu_start: Pro cpu start user code[0m
[0;32mI (180) cpu_start: cpu freq: 160000000 Hz[0m
[0;32mI (180) app_init: Application information:[0m
[0;32mI (180) app_init: Project name:     hello_world[0m
[0;32mI (184) app_init: App version:      v5.5-dev-3618-g7f6e7f4506[0m
[0;32mI (190) app_init: Compile time:     May 15 2025 22:15:54[0m
[0;32mI (195) app_init: ELF file SHA256:  93e0760a1...[0m
[0;32mI (199) app_init: ESP-IDF:          v5.5-dev-3618-g7f6e7f4506[0m
[0;32mI (204) efuse_init: Min chip rev:     v0.0[0m
[0;32mI (208) efuse_init: Max chip rev:     v3.99 [0m
[0;32mI (212) efuse_init: Chip rev:         v3.0[0m
[0;32mI (216) heap_init: Initializing. RAM available for dynamic allocation:[0m
[0;32mI (223) heap_init: At 3FFAE6E0 len 00001920 (6 KiB): DRAM[0m
[0;32mI (228) heap_init: At 3FFB29E0 len 0002D620 (181 KiB): DRAM[0m
[0;32mI (233) heap_init: At 3FFE0440 len 00003AE0 (14 KiB): D/IRAM[0m
[0;32mI (238) heap_init: At 3FFE4350 len 0001BCB0 (111 KiB): D/IRAM[0m
[0;32mI (244) heap_init: At 4008CA00 len 00013600 (77 KiB): IRAM[0m
[0;32mI (250) spi_flash: detected chip: generic[0m
[0;32mI (253) spi_flash: flash io: dio[0m
[0;33mW (256) spi_flash: Detected size(4096k) larger than the size in the binary image header(2048k). Using the size in the binary image header.[0m
[0;32mI (268) main_task: Started on CPU0[0m
[0;32mI (278) main_task: Calling app_main()[0m
Hello world!
This is esp32 chip with 2 CPU core(s), WiFi/BTBLE, silicon revision v3.0, 2MB external flash
Minimum free heap size: 306184 bytes
Restarting in 10 seconds...
Restarting in 9 seconds...
Restarting in 8 seconds...
Restarting in 7 seconds...
Restarting in 6 seconds...
Restarting in 5 seconds...
Restarting in 4 seconds...
Restarting in 3 seconds...
Restarting in 2 seconds...
Restarting in 1 seconds...
Restarting in 0 seconds...
Restarting now.
ets Jul 29 2019 12:21:46

rst:0xc (SW_CPU_RESET),boot:0x13 (SPI_FAST_FLASH_BOOT)
configsip: 0, SPIWP:0xee
clk_drv:0x00,q_drv:0x00,d_drv:0x00,cs0_drv:0x00,hd_drv:0x00,wp_drv:0x00
mode:DIO, clock div:2
load:0x3fff0030,len:6380
ho 0 tail 12 room 4
load:0x40078000,len:15904
load:0x40080400,len:3860
entry 0x40080638
[0;32mI (29) boot: ESP-IDF v5.5-dev-3618-g7f6e7f4506 2nd stage bootloader[0m
[0;32mI (29) boot: compile time May 15 2025 22:15:59[0m
[0;32mI (29) boot: Multicore bootloader[0m
[0;32mI (32) boot: chip revision: v3.0[0m
[0;32mI (35) boot.esp32: SPI Speed      : 40MHz[0m
[0;32mI (39) boot.esp32: SPI Mode       : DIO[0m
[0;32mI (42) boot.esp32: SPI Flash Size : 2MB[0m
[0;32mI (46) boot: Enabling RNG early entropy source...[0m
[0;32mI (50) boot: Partition Table:[0m
[0;32mI (53) boot: ## Label            Usage          Type ST Offset   Length[0m
[0;32mI (59) boot:  0 nvs              WiFi data        01 02 00009000 00006000[0m
[0;32mI (66) boot:  1 phy_init         RF data          01 01 0000f000 00001000[0m
[0;32mI (72) boot:  2 factory          factory app      00 00 00010000 00100000[0m
[0;32mI (79) boot: End of partition table[0m
[0;32mI (82) esp_image: segment 0: paddr=00010020 vaddr=3f400020 size=07600h ( 30208) map[0m
[0;32mI (100) esp_image: segment 1: paddr=00017628 vaddr=3ff80000 size=00020h (    32) load[0m
[0;32mI (100) esp_image: segment 2: paddr=00017650 vaddr=3ffb0000 size=02174h (  8564) load[0m
[0;32mI (108) esp_image: segment 3: paddr=000197cc vaddr=40080000 size=0684ch ( 26700) load[0m
[0;32mI (122) esp_image: segment 4: paddr=00020020 vaddr=400d0020 size=0fbbch ( 64444) map[0m
[0;32mI (145) esp_image: segment 5: paddr=0002fbe4 vaddr=4008684c size=061b4h ( 25012) load[0m
[0;32mI (161) boot: Loaded app from partition at offset 0x10000[0m
[0;32mI (161) boot: Disabling RNG early entropy source...[0m
[0;32mI (171) cpu_start: Multicore app[0m
[0;32mI (180) cpu_start: Pro cpu start user code[0m
[0;32mI (180) cpu_start: cpu freq: 160000000 Hz[0m
[0;32mI (180) app_init: Application information:[0m
[0;32mI (180) app_init: Project name:     hello_world[0m
[0;32mI (184) app_init: App version:      v5.5-dev-3618-g7f6e7f4506[0m
[0;32mI (190) app_init: Compile time:     May 15 2025 22:15:54[0m
[0;32mI (195) app_init: ELF file SHA256:  93e0760a1...[0m
[0;32mI (199) app_init: ESP-IDF:          v5.5-dev-3618-g7f6e7f4506[0m
[0;32mI (204) efuse_init: Min chip rev:     v0.0[0m
[0;32mI (208) efuse_init: Max chip rev:     v3.99 [0m
[0;32mI (212) efuse_init: Chip rev:         v3.0[0m
[0;32mI (216) heap_init: Initializing. RAM available for dynamic allocation:[0m
[0;32mI (223) heap_init: At 3FFAE6E0 len 00001920 (6 KiB): DRAM[0m
[0;32mI (228) heap_init: At 3FFB29E0 len 0002D620 (181 KiB): DRAM[0m
[0;32mI (233) heap_init: At 3FFE0440 len 00003AE0 (14 KiB): D/IRAM[0m
[0;32mI (238) heap_init: At 3FFE4350 len 0001BCB0 (111 KiB): D/IRAM[0m
[0;32mI (244) heap_init: At 4008CA00 len 00013600 (77 KiB): IRAM[0m
[0;32mI (250) spi_flash: detected chip: generic[0m
[0;32mI (253) spi_flash: flash io: dio[0m
[0;33mW (256) spi_flash: Detected size(4096k) larger than the size in the binary image header(2048k). Using the size in the binary image header.[0m
[0;32mI (268) main_task: Started on CPU0[0m
[0;32mI (278) main_task: Calling app_main()[0m
Hello world!
This is esp32 chip with 2 CPU core(s), WiFi/BTBLE, silicon revision v3.0, 2MB external flash
Minimum free heap size: 306184 bytes
Restarting in 10 seconds...
Restarting in 9 seconds...
Restarting in 8 seconds...
Restarting in 7 seconds...
Restarting in 6 seconds...
Restarting in 5 seconds...
Restarting in 4 seconds...
Restarting in 3 seconds...
Restarting in 2 seconds...
Restarting in 1 seconds...
Restarting in 0 seconds...
Restarting now.
ets Jul 29 2019 12:21:46

rst:0xc (SW_CPU_RESET),boot:0x13 (SPI_FAST_FLASH_BOOT)
configsip: 0, SPIWP:0xee
clk_drv:0x00,q_drv:0x00,d_drv:0x00,cs0_drv:0x00,hd_drv:0x00,wp_drv:0x00
mode:DIO, clock div:2
load:0x3fff0030,len:6380
ho 0 tail 12 room 4
load:0x40078000,len:15904
load:0x40080400,len:3860
entry 0x40080638
[0;32mI (29) boot: ESP-IDF v5.5-dev-3618-g7f6e7f4506 2nd stage bootloader[0m
[0;32mI (29) boot: compile time May 15 2025 22:15:59[0m
[0;32mI (29) boot: Multicore bootloader[0m
[0;32mI (32) boot: chip revision: v3.0[0m
[0;32mI (35) boot.esp32: SPI Speed      : 40MHz[0m
[0;32mI (39) boot.esp32: SPI Mode       : DIO[0m
[0;32mI (42) boot.esp32: SPI Flash Size : 2MB[0m
[0;32mI (46) boot: Enabling RNG early entropy source...[0m
[0;32mI (50) boot: Partition Table:[0m
[0;32mI (53) boot: ## Label            Usage          Type ST Offset   Length[0m
[0;32mI (59) boot:  0 nvs              WiFi data        01 02 00009000 00006000[0m
[0;32mI (66) boot:  1 phy_init         RF data          01 01 0000f000 00001000[0m
[0;32mI (72) boot:  2 factory          factory app      00 00 00010000 00100000[0m
[0;32mI (79) boot: End of partition table[0m
[0;32mI (82) esp_image: segment 0: paddr=00010020 vaddr=3f400020 size=07600h ( 30208) map[0m
[0;32mI (100) esp_image: segment 1: paddr=00017628 vaddr=3ff80000 size=00020h (    32) load[0m
[0;32mI (100) esp_image: segment 2: paddr=00017650 vaddr=3ffb0000 size=02174h (  8564) load[0m
[0;32mI (108) esp_image: segment 3: paddr=000197cc vaddr=40080000 size=0684ch ( 26700) load[0m
[0;32mI (122) esp_image: segment 4: paddr=00020020 vaddr=400d0020 size=0fbbch ( 64444) map[0m
[0;32mI (145) esp_image: segment 5: paddr=0002fbe4 vaddr=4008684c size=061b4h ( 25012) load[0m
[0;32mI (161) boot: Loaded app from partition at offset 0x10000[0m
[0;32mI (161) boot: Disabling RNG early entropy source...[0m
[0;32mI (171) cpu_start: Multicore app[0m
[0;32mI (180) cpu_start: Pro cpu start user code[0m
[0;32mI (180) cpu_start: cpu freq: 160000000 Hz[0m
[0;32mI (180) app_init: Application information:[0m
[0;32mI (180) app_init: Project name:     hello_world[0m
[0;32mI (184) app_init: App version:      v5.5-dev-3618-g7f6e7f4506[0m
[0;32mI (190) app_init: Compile time:     May 15 2025 22:15:54[0m
[0;32mI (195) app_init: ELF file SHA256:  93e0760a1...[0m
[0;32mI (199) app_init: ESP-IDF:          v5.5-dev-3618-g7f6e7f4506[0m
[0;32mI (204) efuse_init: Min chip rev:     v0.0[0m
[0;32mI (208) efuse_init: Max chip rev:     v3.99 [0m
[0;32mI (212) efuse_init: Chip rev:         v3.0[0m
[0;32mI (216) heap_init: Initializing. RAM available for dynamic allocation:[0m
[0;32mI (223) heap_init: At 3FFAE6E0 len 00001920 (6 KiB): DRAM[0m
[0;32mI (228) heap_init: At 3FFB29E0 len 0002D620 (181 KiB): DRAM[0m
[0;32mI (233) heap_init: At 3FFE0440 len 00003AE0 (14 KiB): D/IRAM[0m
[0;32mI (238) heap_init: At 3FFE4350 len 0001BCB0 (111 KiB): D/IRAM[0m
[0;32mI (244) heap_init: At 4008CA00 len 00013600 (77 KiB): IRAM[0m
[0;32mI (250) spi_flash: detected chip: generic[0m
[0;32mI (253) spi_flash: flash io: dio[0m
[0;33mW (256) spi_flash: Detected size(4096k) larger than the size in the binary image header(2048k). Using the size in the binary image header.[0m
[0;32mI (268) main_task: Started on CPU0[0m
[0;32mI (278) main_task: Calling app_main()[0m
Hello world!
This is esp32 chip with 2 CPU core(s), WiFi/BTBLE, silicon revision v3.0, 2MB external flash
Minimum free heap size: 306184 bytes
Restarting in 10 seconds...
Restarting in 9 seconds...
Restarting in 8 seconds...
Restarting in 7 seconds...
Restarting in 6 seconds...
Restarting in 5 seconds...
Restarting in 4 seconds...
Restarting in 3 seconds...
Restarting in 2 seconds...
Restarting in 1 seconds...
Restarting in 0 seconds...
Restarting now.
ets Jul 29 2019 12:21:46

rst:0xc (SW_CPU_RESET),boot:0x13 (SPI_FAST_FLASH_BOOT)
configsip: 0, SPIWP:0xee
clk_drv:0x00,q_drv:0x00,d_drv:0x00,cs0_drv:0x00,hd_drv:0x00,wp_drv:0x00
mode:DIO, clock div:2
load:0x3fff0030,len:6380
ho 0 tail 12 room 4
load:0x40078000,len:15904
load:0x40080400,len:3860
entry 0x40080638
[0;32mI (29) boot: ESP-IDF v5.5-dev-3618-g7f6e7f4506 2nd stage bootloader[0m
[0;32mI (29) boot: compile time May 15 2025 22:15:59[0m
[0;32mI (29) boot: Multicore bootloader[0m
[0;32mI (32) boot: chip revision: v3.0[0m
[0;32mI (35) boot.esp32: SPI Speed      : 40MHz[0m
[0;32mI (39) boot.esp32: SPI Mode       : DIO[0m
[0;32mI (42) boot.esp32: SPI Flash Size : 2MB[0m
[0;32mI (46) boot: Enabling RNG early entropy source...[0m
[0;32mI (50) boot: Partition Table:[0m
[0;32mI (53) boot: ## Label            Usage          Type ST Offset   Length[0m
[0;32mI (59) boot:  0 nvs              WiFi data        01 02 00009000 00006000[0m
[0;32mI (66) boot:  1 phy_init         RF data          01 01 0000f000 00001000[0m
[0;32mI (72) boot:  2 factory          factory app      00 00 00010000 00100000[0m
[0;32mI (79) boot: End of partition table[0m
[0;32mI (82) esp_image: segment 0: paddr=00010020 vaddr=3f400020 size=07600h ( 30208) map[0m
[0;32mI (100) esp_image: segment 1: paddr=00017628 vaddr=3ff80000 size=00020h (    32) load[0m
[0;32mI (100) esp_image: segment 2: paddr=00017650 vaddr=3ffb0000 size=02174h (  8564) load[0m
[0;32mI (108) esp_image: segment 3: paddr=000197cc vaddr=40080000 size=0684ch ( 26700) load[0m
[0;32mI (122) esp_image: segment 4: paddr=00020020 vaddr=400d0020 size=0fbbch ( 64444) map[0m
[0;32mI (145) esp_image: segment 5: paddr=0002fbe4 vaddr=4008684c size=061b4h ( 25012) load[0m
[0;32mI (161) boot: Loaded app from partition at offset 0x10000[0m
[0;32mI (161) boot: Disabling RNG early entropy source...[0m
[0;32mI (171) cpu_start: Multicore app[0m
[0;32mI (180) cpu_start: Pro cpu start user code[0m
[0;32mI (180) cpu_start: cpu freq: 160000000 Hz[0m
[0;32mI (180) app_init: Application information:[0m
[0;32mI (180) app_init: Project name:     hello_world[0m
[0;32mI (184) app_init: App version:      v5.5-dev-3618-g7f6e7f4506[0m
[0;32mI (190) app_init: Compile time:     May 15 2025 22:15:54[0m
[0;32mI (195) app_init: ELF file SHA256:  93e0760a1...[0m
[0;32mI (199) app_init: ESP-IDF:          v5.5-dev-3618-g7f6e7f4506[0m
[0;32mI (204) efuse_init: Min chip rev:     v0.0[0m
[0;32mI (208) efuse_init: Max chip rev:     v3.99 [0m
[0;32mI (212) efuse_init: Chip rev:         v3.0[0m
[0;32mI (216) heap_init: Initializing. RAM available for dynamic allocation:[0m
[0;32mI (223) heap_init: At 3FFAE6E0 len 00001920 (6 KiB): DRAM[0m
[0;32mI (228) heap_init: At 3FFB29E0 len 0002D620 (181 KiB): DRAM[0m
[0;32mI (233) heap_init: At 3FFE0440 len 00003AE0 (14 KiB): D/IRAM[0m
[0;32mI (238) heap_init: At 3FFE4350 len 0001BCB0 (111 KiB): D/IRAM[0m
[0;32mI (244) heap_init: At 4008CA00 len 00013600 (77 KiB): IRAM[0m
[0;32mI (250) spi_flash: detected chip: generic[0m
[0;32mI (253) spi_flash: flash io: dio[0m
[0;33mW (256) spi_flash: Detected size(4096k) larger than the size in the binary image header(2048k). Using the size in the binary image header.[0m
[0;32mI (268) main_task: Started on CPU0[0m
[0;32mI (278) main_task: Calling app_main()[0m
Hello world!
This is esp32 chip with 2 CPU core(s), WiFi/BTBLE, silicon revision v3.0, 2MB external flash
Minimum free heap size: 306184 bytes
Restarting in 10 seconds...
Restarting in 9 seconds...
Restarting in 8 seconds...
Restarting in 7 seconds...
Restarting in 6 seconds...
Restarting in 5 seconds...
Restarting in 4 seconds...
Restarting in 3 seconds...
Restarting in 2 seconds...
Restarting in 1 seconds...
Restarting in 0 seconds...
Restarting now.
ets Jul 29 2019 12:21:46

rst:0xc (SW_CPU_RESET),boot:0x13 (SPI_FAST_FLASH_BOOT)
configsip: 0, SPIWP:0xee
clk_drv:0x00,q_drv:0x00,d_drv:0x00,cs0_drv:0x00,hd_drv:0x00,wp_drv:0x00
mode:DIO, clock div:2
load:0x3fff0030,len:6380
ho 0 tail 12 room 4
load:0x40078000,len:15904
load:0x40080400,len:3860
entry 0x40080638
[0;32mI (29) boot: ESP-IDF v5.5-dev-3618-g7f6e7f4506 2nd stage bootloader[0m
[0;32mI (29) boot: compile time May 15 2025 22:15:59[0m
[0;32mI (29) boot: Multicore bootloader[0m
[0;32mI (32) boot: chip revision: v3.0[0m
[0;32mI (35) boot.esp32: SPI Speed      : 40MHz[0m
[0;32mI (39) boot.esp32: SPI Mode       : DIO[0m
[0;32mI (42) boot.esp32: SPI Flash Size : 2MB[0m
[0;32mI (46) boot: Enabling RNG early entropy source...[0m
[0;32mI (50) boot: Partition Table:[0m
[0;32mI (53) boot: ## Label            Usage          Type ST Offset   Length[0m
[0;32mI (59) boot:  0 nvs              WiFi data        01 02 00009000 00006000[0m
[0;32mI (66) boot:  1 phy_init         RF data          01 01 0000f000 00001000[0m
[0;32mI (72) boot:  2 factory          factory app      00 00 00010000 00100000[0m
[0;32mI (79) boot: End of partition table[0m
[0;32mI (82) esp_image: segment 0: paddr=00010020 vaddr=3f400020 size=07600h ( 30208) map[0m
[0;32mI (100) esp_image: segment 1: paddr=00017628 vaddr=3ff80000 size=00020h (    32) load[0m
[0;32mI (100) esp_image: segment 2: paddr=00017650 vaddr=3ffb0000 size=02174h (  8564) load[0m
[0;32mI (108) esp_image: segment 3: paddr=000197cc vaddr=40080000 size=0684ch ( 26700) load[0m
[0;32mI (122) esp_image: segment 4: paddr=00020020 vaddr=400d0020 size=0fbbch ( 64444) map[0m
[0;32mI (145) esp_image: segment 5: paddr=0002fbe4 vaddr=4008684c size=061b4h ( 25012) load[0m
[0;32mI (161) boot: Loaded app from partition at offset 0x10000[0m
[0;32mI (161) boot: Disabling RNG early entropy source...[0m
[0;32mI (171) cpu_start: Multicore app[0m
[0;32mI (180) cpu_start: Pro cpu start user code[0m
[0;32mI (180) cpu_start: cpu freq: 160000000 Hz[0m
[0;32mI (180) app_init: Application information:[0m
[0;32mI (180) app_init: Project name:     hello_world[0m
[0;32mI (184) app_init: App version:      v5.5-dev-3618-g7f6e7f4506[0m
[0;32mI (190) app_init: Compile time:     May 15 2025 22:15:54[0m
[0;32mI (195) app_init: ELF file SHA256:  93e0760a1...[0m
[0;32mI (199) app_init: ESP-IDF:          v5.5-dev-3618-g7f6e7f4506[0m
[0;32mI (204) efuse_init: Min chip rev:     v0.0[0m
[0;32mI (208) efuse_init: Max chip rev:     v3.99 [0m
[0;32mI (212) efuse_init: Chip rev:         v3.0[0m
[0;32mI (216) heap_init: Initializing. RAM available for dynamic allocation:[0m
[0;32mI (223) heap_init: At 3FFAE6E0 len 00001920 (6 KiB): DRAM[0m
[0;32mI (228) heap_init: At 3FFB29E0 len 0002D620 (181 KiB): DRAM[0m
[0;32mI (233) heap_init: At 3FFE0440 len 00003AE0 (14 KiB): D/IRAM[0m
[0;32mI (238) heap_init: At 3FFE4350 len 0001BCB0 (111 KiB): D/IRAM[0m
[0;32mI (244) heap_init: At 4008CA00 len 00013600 (77 KiB): IRAM[0m
[0;32mI (250) spi_flash: detected chip: generic[0m
[0;32mI (253) spi_flash: flash io: dio[0m
[0;33mW (256) spi_flash: Detected size(4096k) larger than the size in the binary image header(2048k). Using the size in the binary image header.[0m
[0;32mI (268) main_task: Started on CPU0[0m
[0;32mI (278) main_task: Calling app_main()[0m
Hello world!
This is esp32 chip with 2 CPU core(s), WiFi/BTBLE, silicon revision v3.0, 2MB external flash
Minimum free heap size: 306184 bytes
Restarting in 10 seconds...
Restarting in 9 seconds...
Restarting in 8 seconds...
Restarting in 7 seconds...
Restarting in 6 seconds...
Restarting in 5 seconds...
Restarting in 4 seconds...
Restarting in 3 seconds...
Restarting in 2 seconds...
Restarting in 1 seconds...
Restarting in 0 seconds...
Restarting now.
ets Jul 29 2019 12:21:46

rst:0xc (SW_CPU_RESET),boot:0x13 (SPI_FAST_FLASH_BOOT)
configsip: 0, SPIWP:0xee
clk_drv:0x00,q_drv:0x00,d_drv:0x00,cs0_drv:0x00,hd_drv:0x00,wp_drv:0x00
mode:DIO, clock div:2
load:0x3fff0030,len:6380
ho 0 tail 12 room 4
load:0x40078000,len:15904
load:0x40080400,len:3860
entry 0x40080638
[0;32mI (29) boot: ESP-IDF v5.5-dev-3618-g7f6e7f4506 2nd stage bootloader[0m
[0;32mI (29) boot: compile time May 15 2025 22:15:59[0m
[0;32mI (29) boot: Multicore bootloader[0m
[0;32mI (32) boot: chip revision: v3.0[0m
[0;32mI (35) boot.esp32: SPI Speed      : 40MHz[0m
[0;32mI (39) boot.esp32: SPI Mode       : DIO[0m
[0;32mI (42) boot.esp32: SPI Flash Size : 2MB[0m
[0;32mI (46) boot: Enabling RNG early entropy source...[0m
[0;32mI (50) boot: Partition Table:[0m
[0;32mI (53) boot: ## Label            Usage          Type ST Offset   Length[0m
[0;32mI (59) boot:  0 nvs              WiFi data        01 02 00009000 00006000[0m
[0;32mI (66) boot:  1 phy_init         RF data          01 01 0000f000 00001000[0m
[0;32mI (72) boot:  2 factory          factory app      00 00 00010000 00100000[0m
[0;32mI (79) boot: End of partition table[0m
[0;32mI (82) esp_image: segment 0: paddr=00010020 vaddr=3f400020 size=07600h ( 30208) map[0m
[0;32mI (100) esp_image: segment 1: paddr=00017628 vaddr=3ff80000 size=00020h (    32) load[0m
[0;32mI (100) esp_image: segment 2: paddr=00017650 vaddr=3ffb0000 size=02174h (  8564) load[0m
[0;32mI (108) esp_image: segment 3: paddr=000197cc vaddr=40080000 size=0684ch ( 26700) load[0m
[0;32mI (122) esp_image: segment 4: paddr=00020020 vaddr=400d0020 size=0fbbch ( 64444) map[0m
[0;32mI (145) esp_image: segment 5: paddr=0002fbe4 vaddr=4008684c size=061b4h ( 25012) load[0m
[0;32mI (161) boot: Loaded app from partition at offset 0x10000[0m
[0;32mI (161) boot: Disabling RNG early entropy source...[0m
[0;32mI (171) cpu_start: Multicore app[0m
[0;32mI (180) cpu_start: Pro cpu start user code[0m
[0;32mI (180) cpu_start: cpu freq: 160000000 Hz[0m
[0;32mI (180) app_init: Application information:[0m
[0;32mI (180) app_init: Project name:     hello_world[0m
[0;32mI (184) app_init: App version:      v5.5-dev-3618-g7f6e7f4506[0m
[0;32mI (190) app_init: Compile time:     May 15 2025 22:15:54[0m
[0;32mI (195) app_init: ELF file SHA256:  93e0760a1...[0m
[0;32mI (199) app_init: ESP-IDF:          v5.5-dev-3618-g7f6e7f4506[0m
[0;32mI (204) efuse_init: Min chip rev:     v0.0[0m
[0;32mI (208) efuse_init: Max chip rev:     v3.99 [0m
[0;32mI (212) efuse_init: Chip rev:         v3.0[0m
[0;32mI (216) heap_init: Initializing. RAM available for dynamic allocation:[0m
[0;32mI (223) heap_init: At 3FFAE6E0 len 00001920 (6 KiB): DRAM[0m
[0;32mI (228) heap_init: At 3FFB29E0 len 0002D620 (181 KiB): DRAM[0m
[0;32mI (233) heap_init: At 3FFE0440 len 00003AE0 (14 KiB): D/IRAM[0m
[0;32mI (238) heap_init: At 3FFE4350 len 0001BCB0 (111 KiB): D/IRAM[0m
[0;32mI (244) heap_init: At 4008CA00 len 00013600 (77 KiB): IRAM[0m
[0;32mI (250) spi_flash: detected chip: generic[0m
[0;32mI (253) spi_flash: flash io: dio[0m
[0;33mW (256) spi_flash: Detected size(4096k) larger than the size in the binary image header(2048k). Using the size in the binary image header.[0m
[0;32mI (268) main_task: Started on CPU0[0m
[0;32mI (278) main_task: Calling app_main()[0m
Hello world!
This is esp32 chip with 2 CPU core(s), WiFi/BTBLE, silicon revision v3.0, 2MB external flash
Minimum free heap size: 306184 bytes
Restarting in 10 seconds...
Restarting in 9 seconds...
Restarting in 8 seconds...
Restarting in 7 seconds...
Restarting in 6 seconds...
Restarting in 5 seconds...
Restarting in 4 seconds...
Restarting in 3 seconds...
Restarting in 2 seconds...
Restarting in 1 seconds...
Restarting in 0 seconds...
Restarting now.
ets Jul 29 2019 12:21:46

rst:0xc (SW_CPU_RESET),boot:0x13 (SPI_FAST_FLASH_BOOT)
configsip: 0, SPIWP:0xee
clk_drv:0x00,q_drv:0x00,d_drv:0x00,cs0_drv:0x00,hd_drv:0x00,wp_drv:0x00
mode:DIO, clock div:2
load:0x3fff0030,len:6380
ho 0 tail 12 room 4
load:0x40078000,len:15904
load:0x40080400,len:3860
entry 0x40080638
[0;32mI (29) boot: ESP-IDF v5.5-dev-3618-g7f6e7f4506 2nd stage bootloader[0m
[0;32mI (29) boot: compile time May 15 2025 22:15:59[0m
[0;32mI (29) boot: Multicore bootloader[0m
[0;32mI (32) boot: chip revision: v3.0[0m
[0;32mI (35) boot.esp32: SPI Speed      : 40MHz[0m
[0;32mI (39) boot.esp32: SPI Mode       : DIO[0m
[0;32mI (42) boot.esp32: SPI Flash Size : 2MB[0m
[0;32mI (46) boot: Enabling RNG early entropy source...[0m
[0;32mI (50) boot: Partition Table:[0m
[0;32mI (53) boot: ## Label            Usage          Type ST Offset   Length[0m
[0;32mI (59) boot:  0 nvs              WiFi data        01 02 00009000 00006000[0m
[0;32mI (66) boot:  1 phy_init         RF data          01 01 0000f000 00001000[0m
[0;32mI (72) boot:  2 factory          factory app      00 00 00010000 00100000[0m
[0;32mI (79) boot: End of partition table[0m
[0;32mI (82) esp_image: segment 0: paddr=00010020 vaddr=3f400020 size=07600h ( 30208) map[0m
[0;32mI (100) esp_image: segment 1: paddr=00017628 vaddr=3ff80000 size=00020h (    32) load[0m
[0;32mI (100) esp_image: segment 2: paddr=00017650 vaddr=3ffb0000 size=02174h (  8564) load[0m
[0;32mI (108) esp_image: segment 3: paddr=000197cc vaddr=40080000 size=0684ch ( 26700) load[0m
