Command: /Users/asbri/.espressif/python_env/idf6.0_py3.13_env/bin/python /Users/asbri/esp-idf/tools/idf_monitor.py -p /dev/tty.SLAB_USBtoUART -b 115200 --toolchain-prefix xtensa-esp32-elf- --target esp32 --revision 0 /Users/asbri/esp-idf/examples/wifi/getting_started/station/build/wifi_station.elf /Users/asbri/esp-idf/examples/wifi/getting_started/station/build/bootloader/bootloader.elf -m '/Users/asbri/.espressif/python_env/idf6.0_py3.13_env/bin/python' '/Users/asbri/esp-idf/tools/idf.py' '-p' '/dev/tty.SLAB_USBtoUART'
tail 12 room 4
load:0x40078000,len:15904
load:0x40080400,len:3860
A%]Aï¿½0xee
clk_drv:0x00,q_drv:0x00,d_drv:0x00,cs0_drv:0x00,hd_drv:0x00,wp_drv:0x00
mode:DIO, clock div:2
load:0x3fff0030,len:6380
ho 0 tail 12 room 4
load:0x40078000,len:15904
load:0x40080400,len:3860
ets Jul 29 2019 12:21:46

rst:0x1 (POWERON_RESET),boot:0x13 (SPI_FAST_FLASH_BOOT)
configsip: 0, SPIWP:0xee
clk_drv:0x00,q_drv:0x00,d_drv:0x00,cs0_drv:0x00,hd_drv:0x00,wp_drv:0x00
mode:DIO, clock div:2
load:0x3fff0030,len:6380
ho 0 tail 12 room 4
load:0x40078000,len:15904
load:0x40080400,len:3860
entry 0x40080638
[0;32mI (29) boot: ESP-IDF v5.5-dev-3618-g7f6e7f4506-dirty 2nd stage bootloader[0m
[0;32mI (29) boot: compile time May 15 2025 22:35:51[0m
[0;32mI (29) boot: Multicore bootloader[0m
[0;32mI (33) boot: chip revision: v3.0[0m
[0;32mI (36) boot.esp32: SPI Speed      : 40MHz[0m
[0;32mI (39) boot.esp32: SPI Mode       : DIO[0m
[0;32mI (43) boot.esp32: SPI Flash Size : 2MB[0m
[0;32mI (46) boot: Enabling RNG early entropy source...[0m
[0;32mI (51) boot: Partition Table:[0m
[0;32mI (53) boot: ## Label            Usage          Type ST Offset   Length[0m
[0;32mI (60) boot:  0 nvs              WiFi data        01 02 00009000 00006000[0m
[0;32mI (66) boot:  1 phy_init         RF data          01 01 0000f000 00001000[0m
[0;32mI (73) boot:  2 factory          factory app      00 00 00010000 00100000[0m
[0;32mI (79) boot: End of partition table[0m
[0;32mI (83) esp_image: segment 0: paddr=00010020 vaddr=3f400020 size=17d98h ( 97688) map[0m
[0;32mI (124) esp_image: segment 1: paddr=00027dc0 vaddr=3ff80000 size=00020h (    32) load[0m
[0;32mI (124) esp_image: segment 2: paddr=00027de8 vaddr=3ffb0000 size=03e10h ( 15888) load[0m
[0;32mI (133) esp_image: segment 3: paddr=0002bc00 vaddr=40080000 size=04418h ( 17432) load[0m
[0;32mI (142) esp_image: segment 4: paddr=00030020 vaddr=400d0020 size=78614h (493076) map[0m
[0;32mI (311) esp_image: segment 5: paddr=000a863c vaddr=40084418 size=13730h ( 79664) load[0m
[0;32mI (354) boot: Loaded app from partition at offset 0x10000[0m
[0;32mI (354) boot: Disabling RNG early entropy source...[0m
[0;32mI (364) cpu_start: Multicore app[0m
[0;32mI (373) cpu_start: Pro cpu start user code[0m
[0;32mI (373) cpu_start: cpu freq: 160000000 Hz[0m
[0;32mI (373) app_init: Application information:[0m
[0;32mI (373) app_init: Project name:     wifi_station[0m
[0;32mI (377) app_init: App version:      v5.5-dev-3618-g7f6e7f4506-dirty[0m
[0;32mI (383) app_init: Compile time:     May 15 2025 22:35:46[0m
[0;32mI (388) app_init: ELF file SHA256:  ff2e01842...[0m
[0;32mI (392) app_init: ESP-IDF:          v5.5-dev-3618-g7f6e7f4506-dirty[0m
[0;32mI (398) efuse_init: Min chip rev:     v0.0[0m
[0;32mI (402) efuse_init: Max chip rev:     v3.99 [0m
[0;32mI (406) efuse_init: Chip rev:         v3.0[0m
[0;32mI (410) heap_init: Initializing. RAM available for dynamic allocation:[0m
[0;32mI (416) heap_init: At 3FFAE6E0 len 00001920 (6 KiB): DRAM[0m
[0;32mI (421) heap_init: At 3FFB7E98 len 00028168 (160 KiB): DRAM[0m
[0;32mI (427) heap_init: At 3FFE0440 len 00003AE0 (14 KiB): D/IRAM[0m
[0;32mI (432) heap_init: At 3FFE4350 len 0001BCB0 (111 KiB): D/IRAM[0m
[0;32mI (438) heap_init: At 40097B48 len 000084B8 (33 KiB): IRAM[0m
[0;32mI (444) spi_flash: detected chip: generic[0m
[0;32mI (446) spi_flash: flash io: dio[0m
[0;33mW (449) spi_flash: Detected size(4096k) larger than the size in the binary image header(2048k). Using the size in the binary image header.[0m
[0;32mI (463) main_task: Started on CPU0[0m
[0;32mI (473) main_task: Calling app_main()[0m
[0;32mI (483) wifi station: ESP_WIFI_MODE_STA[0m
[0;32mI (503) wifi:wifi driver task: 3ffbfc44, prio:23, stack:6656, core=0[0m
[0;32mI (503) wifi:wifi firmware version: c51f31244[0m
[0;32mI (503) wifi:wifi certification version: v7.0[0m
[0;32mI (503) wifi:config NVS flash: enabled[0m
[0;32mI (503) wifi:config nano formatting: disabled[0m
[0;32mI (513) wifi:Init data frame dynamic rx buffer num: 32[0m
[0;32mI (513) wifi:Init static rx mgmt buffer num: 5[0m
[0;32mI (523) wifi:Init management short buffer num: 32[0m
[0;32mI (523) wifi:Init dynamic tx buffer num: 32[0m
[0;32mI (523) wifi:Init static rx buffer size: 1600[0m
[0;32mI (533) wifi:Init static rx buffer num: 10[0m
[0;32mI (533) wifi:Init dynamic rx buffer num: 32[0m
[0;32mI (543) wifi_init: rx ba win: 6[0m
[0;32mI (543) wifi_init: accept mbox: 6[0m
[0;32mI (543) wifi_init: tcpip mbox: 32[0m
[0;32mI (543) wifi_init: udp mbox: 6[0m
[0;32mI (553) wifi_init: tcp mbox: 6[0m
[0;32mI (553) wifi_init: tcp tx win: 5760[0m
[0;32mI (553) wifi_init: tcp rx win: 5760[0m
[0;32mI (563) wifi_init: tcp mss: 1440[0m
[0;32mI (563) wifi_init: WiFi IRAM OP enabled[0m
[0;32mI (563) wifi_init: WiFi RX IRAM OP enabled[0m
[0;32mI (593) phy_init: phy_version 4860,6b7a6e5,Feb  6 2025,14:47:07[0m
[0;33mW (593) phy_init: failed to load RF calibration data (0x1102), falling back to full calibration[0m
[0;32mI (663) phy_init: Saving new calibration data due to checksum failure or outdated calibration data, mode(2)[0m
[0;32mI (673) wifi:mode : sta (cc:db:a7:68:6f:f0)[0m
[0;32mI (673) wifi:enable tsf[0m
[0;32mI (673) wifi station: wifi_init_sta finished.[0m
[0;32mI (953) wifi:new:<1,0>, old:<1,0>, ap:<255,255>, sta:<1,0>, prof:1, snd_ch_cfg:0x0[0m
[0;32mI (953) wifi:state: init -> auth (0xb0)[0m
[0;32mI (963) wifi:state: auth -> assoc (0x0)[0m
[0;32mI (973) wifi:state: assoc -> run (0x10)[0m
[0;32mI (983) wifi:connected with Amos_2.4G, aid = 6, channel 1, BW20, bssid = 80:8c:97:75:f5:27[0m
[0;32mI (983) wifi:security: WPA2-PSK, phy: bgn, rssi: -43[0m
[0;32mI (993) wifi:pm start, type: 1[0m

[0;32mI (993) wifi:dp: 1, bi: 102400, li: 3, scale listen interval from 307200 us to 307200 us[0m
[0;32mI (1003) wifi:AP's beacon interval = 102400 us, DTIM period = 3[0m
[0;32mI (2503) wifi:<ba-add>idx:0 (ifx:0, 80:8c:97:75:f5:27), tid:0, ssn:2, winSize:64[0m
[0;32mI (6313) esp_netif_handlers: sta ip: 192.168.1.122, mask: 255.255.255.0, gw: 192.168.1.254[0m
[0;32mI (6313) wifi station: got ip:192.168.1.122[0m
[0;32mI (6313) wifi station: connected to ap SSID:Amos_2.4G password:EC6E028072[0m
[0;32mI (6313) main_task: Returned from app_main()[0m
[0;32mI (9513) wifi:<ba-add>idx:1 (ifx:0, 80:8c:97:75:f5:27), tid:6, ssn:0, winSize:64[0m
